Component: ARM Compiler 5.06 update 3 (build 300) Tool: armlink [4d35c9]

==============================================================================

Section Cross References

    startup_stm32f10x_hd.o(STACK) refers (Special) to heapauxi.o(.text) for __use_two_region_memory
    startup_stm32f10x_hd.o(HEAP) refers (Special) to heapauxi.o(.text) for __use_two_region_memory
    startup_stm32f10x_hd.o(RESET) refers (Special) to heapauxi.o(.text) for __use_two_region_memory
    startup_stm32f10x_hd.o(RESET) refers to startup_stm32f10x_hd.o(STACK) for __initial_sp
    startup_stm32f10x_hd.o(RESET) refers to startup_stm32f10x_hd.o(.text) for Reset_Handler
    startup_stm32f10x_hd.o(RESET) refers to stm32f10x_it.o(i.NMI_Handler) for NMI_Handler
    startup_stm32f10x_hd.o(RESET) refers to stm32f10x_it.o(i.HardFault_Handler) for HardFault_Handler
    startup_stm32f10x_hd.o(RESET) refers to stm32f10x_it.o(i.MemManage_Handler) for MemManage_Handler
    startup_stm32f10x_hd.o(RESET) refers to stm32f10x_it.o(i.BusFault_Handler) for BusFault_Handler
    startup_stm32f10x_hd.o(RESET) refers to stm32f10x_it.o(i.UsageFault_Handler) for UsageFault_Handler
    startup_stm32f10x_hd.o(RESET) refers to stm32f10x_it.o(i.SVC_Handler) for SVC_Handler
    startup_stm32f10x_hd.o(RESET) refers to stm32f10x_it.o(i.DebugMon_Handler) for DebugMon_Handler
    startup_stm32f10x_hd.o(RESET) refers to stm32f10x_it.o(i.PendSV_Handler) for PendSV_Handler
    startup_stm32f10x_hd.o(RESET) refers to stm32f10x_it.o(i.SysTick_Handler) for SysTick_Handler
    startup_stm32f10x_hd.o(RESET) refers to test.o(i.EXTI2_IRQHandler) for EXTI2_IRQHandler
    startup_stm32f10x_hd.o(RESET) refers to test.o(i.EXTI3_IRQHandler) for EXTI3_IRQHandler
    startup_stm32f10x_hd.o(RESET) refers to test.o(i.EXTI4_IRQHandler) for EXTI4_IRQHandler
    startup_stm32f10x_hd.o(RESET) refers to test.o(i.TIM3_IRQHandler) for TIM3_IRQHandler
    startup_stm32f10x_hd.o(RESET) refers to usart.o(i.USART1_IRQHandler) for USART1_IRQHandler
    startup_stm32f10x_hd.o(RESET) refers to rs485.o(i.USART2_IRQHandler) for USART2_IRQHandler
    startup_stm32f10x_hd.o(RESET) refers to test.o(i.TIM6_IRQHandler) for TIM6_IRQHandler
    startup_stm32f10x_hd.o(.text) refers (Special) to heapauxi.o(.text) for __use_two_region_memory
    startup_stm32f10x_hd.o(.text) refers to __main.o(!!!main) for __main
    startup_stm32f10x_hd.o(.text) refers to startup_stm32f10x_hd.o(HEAP) for Heap_Mem
    startup_stm32f10x_hd.o(.text) refers to startup_stm32f10x_hd.o(STACK) for Stack_Mem
    test.o(i.EXTI2_IRQHandler) refers to delay.o(i.delay_ms) for delay_ms
    test.o(i.EXTI2_IRQHandler) refers to test.o(.data) for isPinpu
    test.o(i.EXTI3_IRQHandler) refers to delay.o(i.delay_ms) for delay_ms
    test.o(i.EXTI3_IRQHandler) refers to ili93xx.o(i.LCD_ShowString) for LCD_ShowString
    test.o(i.EXTI3_IRQHandler) refers to test.o(.data) for clear_flag
    test.o(i.EXTI4_IRQHandler) refers to _printf_percent.o(.ARM.Collect$$_printf_percent$$00000000) for _printf_percent
    test.o(i.EXTI4_IRQHandler) refers to _printf_d.o(.ARM.Collect$$_printf_percent$$00000009) for _printf_d
    test.o(i.EXTI4_IRQHandler) refers to _printf_dec.o(.text) for _printf_int_dec
    test.o(i.EXTI4_IRQHandler) refers to _printf_f.o(.ARM.Collect$$_printf_percent$$00000003) for _printf_f
    test.o(i.EXTI4_IRQHandler) refers to printf1.o(x$fpl$printf1) for _printf_fp_dec
    test.o(i.EXTI4_IRQHandler) refers to delay.o(i.delay_ms) for delay_ms
    test.o(i.EXTI4_IRQHandler) refers to noretval__2printf.o(.text) for __2printf
    test.o(i.EXTI4_IRQHandler) refers to ili93xx.o(i.LCD_ShowString) for LCD_ShowString
    test.o(i.EXTI4_IRQHandler) refers to f2d.o(x$fpl$f2d) for __aeabi_f2d
    test.o(i.EXTI4_IRQHandler) refers to noretval__2sprintf.o(.text) for __2sprintf
    test.o(i.EXTI4_IRQHandler) refers to ffixu.o(x$fpl$ffixu) for __aeabi_f2uiz
    test.o(i.EXTI4_IRQHandler) refers to ili93xx.o(i.LCD_ShowNum) for LCD_ShowNum
    test.o(i.EXTI4_IRQHandler) refers to faddsub_clz.o(x$fpl$fsub) for __aeabi_fsub
    test.o(i.EXTI4_IRQHandler) refers to ili93xx.o(.data) for POINT_COLOR
    test.o(i.EXTI4_IRQHandler) refers to test.o(.data) for flag
    test.o(i.GetPowerMag) refers to cr4_fft_1024_stm32.o(.text) for cr4_fft_1024_stm32
    test.o(i.GetPowerMag) refers to fflt_clz.o(x$fpl$fflt) for __aeabi_i2f
    test.o(i.GetPowerMag) refers to fmul.o(x$fpl$fmul) for __aeabi_fmul
    test.o(i.GetPowerMag) refers to fdiv.o(x$fpl$fdiv) for __aeabi_fdiv
    test.o(i.GetPowerMag) refers to faddsub_clz.o(x$fpl$fadd) for __aeabi_fadd
    test.o(i.GetPowerMag) refers to f2d.o(x$fpl$f2d) for __aeabi_f2d
    test.o(i.GetPowerMag) refers to sqrt.o(i.sqrt) for sqrt
    test.o(i.GetPowerMag) refers to ddiv.o(x$fpl$ddiv) for __aeabi_ddiv
    test.o(i.GetPowerMag) refers to d2f.o(x$fpl$d2f) for __aeabi_d2f
    test.o(i.GetPowerMag) refers to ffixu.o(x$fpl$ffixu) for __aeabi_f2uiz
[...]
    lc_hextab                                0x08015994   Data          20  _printf_hex_int.o(.constdata)
    .constdata                               0x080159a8   Section      136  pow.o(.constdata)
    bp                                       0x080159a8   Data          16  pow.o(.constdata)
    dp_h                                     0x080159b8   Data          16  pow.o(.constdata)
    dp_l                                     0x080159c8   Data          16  pow.o(.constdata)
    L                                        0x080159d8   Data          48  pow.o(.constdata)
    P                                        0x08015a08   Data          40  pow.o(.constdata)
    .constdata                               0x08015a30   Section        8  qnan.o(.constdata)
    .constdata                               0x08015a38   Section      148  bigflt0.o(.constdata)
    tenpwrs_x                                0x08015a38   Data          60  bigflt0.o(.constdata)
    tenpwrs_i                                0x08015a74   Data          64  bigflt0.o(.constdata)
    .conststring                             0x08015acc   Section       74  ili93xx.o(.conststring)
    locale$$data                             0x08015b38   Section       28  lc_numeric_c.o(locale$$data)
    __lcnum_c_name                           0x08015b3c   Data           2  lc_numeric_c.o(locale$$data)
    __lcnum_c_start                          0x08015b44   Data           0  lc_numeric_c.o(locale$$data)
    __lcnum_c_point                          0x08015b50   Data           0  lc_numeric_c.o(locale$$data)
    __lcnum_c_thousands                      0x08015b52   Data           0  lc_numeric_c.o(locale$$data)
    __lcnum_c_grouping                       0x08015b53   Data           0  lc_numeric_c.o(locale$$data)
    __lcnum_c_end                            0x08015b54   Data           0  lc_numeric_c.o(locale$$data)
    .data                                    0x20000000   Section     5110  test.o(.data)
    intr                                     0x200013f4   Data           2  test.o(.data)
    .data                                    0x200013f6   Section        4  delay.o(.data)
    fac_us                                   0x200013f6   Data           1  delay.o(.data)
    fac_ms                                   0x200013f8   Data           2  delay.o(.data)
    .data                                    0x200013fc   Section        6  usart.o(.data)
    .data                                    0x20001402   Section        1  key.o(.data)
    key_up                                   0x20001402   Data           1  key.o(.data)
    .data                                    0x20001404   Section        4  ili93xx.o(.data)
    .data                                    0x20001408   Section        1  rs485.o(.data)
    .data                                    0x20001410   Section       36  rt_nonfinite.o(.data)
    .data                                    0x20001434   Section        1  myfun4_data.o(.data)
    .bss                                     0x20001438   Section    22872  test.o(.bss)
    .bss                                     0x20006d90   Section      200  usart.o(.bss)
    .bss                                     0x20006e58   Section       14  ili93xx.o(.bss)
    .bss                                     0x20006e66   Section       64  rs485.o(.bss)
    .bss                                     0x20006ea8   Section      228  rand.o(.bss)
    .bss                                     0x20006f8c   Section       96  libspace.o(.bss)
    HEAP                                     0x20006ff0   Section        0  startup_stm32f10x_hd.o(HEAP)
    STACK                                    0x20006ff0   Section    36864  startup_stm32f10x_hd.o(STACK)
    Heap_Mem                                 0x20006ff0   Data           0  startup_stm32f10x_hd.o(HEAP)
    Stack_Mem                                0x20006ff0   Data       36864  startup_stm32f10x_hd.o(STACK)
    __initial_sp                             0x2000fff0   Data           0  startup_stm32f10x_hd.o(STACK)

    Global Symbols

    Symbol Name                              Value     Ov Type        Size  Object(Section)

    BuildAttributes$$THM_ISAv4$P$D$K$B$S$PE$A:L22UL41UL21$X:L11$S22US41US21$IEEE1$IW$USESV6$~STKCKD$USESV7$~SHL$OTIME$ROPI$IEEEX$EBA8$UX$STANDARDLIB$REQ8$PRES8$EABIv2 0x00000000   Number         0  anon$$obj.o ABSOLUTE
    __ARM_use_no_argv                        0x00000000   Number         0  test.o ABSOLUTE
    _printf_flags                            0x00000000   Number         0  printf_stubs.o ABSOLUTE
    _printf_return_value                     0x00000000   Number         0  printf_stubs.o ABSOLUTE
    _printf_sizespec                         0x00000000   Number         0  printf_stubs.o ABSOLUTE
    _printf_widthprec                        0x00000000   Number         0  printf_stubs.o ABSOLUTE
    __ARM_exceptions_init                     - Undefined Weak Reference
    __alloca_initialize                       - Undefined Weak Reference
    __arm_preinit_                            - Undefined Weak Reference
    __cpp_initialize__aeabi_                  - Undefined Weak Reference
    __cxa_finalize                            - Undefined Weak Reference
    __sigvec_lookup                           - Undefined Weak Reference
    _atexit_init                              - Undefined Weak Reference
    _call_atexit_fns                          - Undefined Weak Reference
    _clock_init                               - Undefined Weak Reference
    _fp_trap_init                             - Undefined Weak Reference
    _fp_trap_shutdown                         - Undefined Weak Reference
    _get_lc_collate                           - Undefined Weak Reference
    _get_lc_ctype                             - Undefined Weak Reference
    _get_lc_monetary                          - Undefined Weak Reference
    _get_lc_time                              - Undefined Weak Reference
    _getenv_init                              - Undefined Weak Reference
    _handle_redirection                       - Undefined Weak Reference
    _init_alloc                               - Undefined Weak Reference
    _init_user_alloc                          - Undefined Weak Reference
    _initio                                   - Undefined Weak Reference
    _mutex_acquire                            - Undefined Weak Reference
    _mutex_release                            - Undefined Weak Reference
    _printf_post_padding                      - Undefined Weak Reference
    _printf_pre_padding                       - Undefined Weak Reference
    _printf_truncate_signed                   - Undefined Weak Reference
    _printf_truncate_unsigned                 - Undefined Weak Reference
    _signal_finish                            - Undefined Weak Reference
    _signal_init                              - Undefined Weak Reference
    _terminate_alloc                          - Undefined Weak Reference
    _terminate_user_alloc                     - Undefined Weak Reference
    _terminateio                              - Undefined Weak Reference
    __Vectors_Size                           0x00000130   Number         0  startup_stm32f10x_hd.o ABSOLUTE
    __Vectors                                0x08000000   Data           4  startup_stm32f10x_hd.o(RESET)
    __Vectors_End                            0x08000130   Data           0  startup_stm32f10x_hd.o(RESET)
    __main                                   0x08000131   Thumb Code     8  __main.o(!!!main)
    __scatterload                            0x08000139   Thumb Code     0  __scatter.o(!!!scatter)
    __scatterload_rt2                        0x08000139   Thumb Code    44  __scatter.o(!!!scatter)
    __scatterload_rt2_thumb_only             0x08000139   Thumb Code     0  __scatter.o(!!!scatter)
    __scatterload_null                       0x08000147   Thumb Code     0  __scatter.o(!!!scatter)
    __decompress                             0x0800016d   Thumb Code   100  __dclz77c.o(!!dclz77c)
    __decompress2                            0x0800016d   Thumb Code     0  __dclz77c.o(!!dclz77c)
    __scatterload_zeroinit                   0x080001d1   Thumb Code    28  __scatter_zi.o(!!handler_zi)
    _printf_f                                0x080001ed   Thumb Code     0  _printf_f.o(.ARM.Collect$$_printf_percent$$00000003)
    _printf_percent                          0x080001ed   Thumb Code     0  _printf_percent.o(.ARM.Collect$$_printf_percent$$00000000)
    _printf_d                                0x080001f3   Thumb Code     0  _printf_d.o(.ARM.Collect$$_printf_percent$$00000009)
    _printf_x                                0x080001f9   Thumb Code     0  _printf_x.o(.ARM.Collect$$_printf_percent$$0000000C)
    _printf_percent_end                      0x080001ff   Thumb Code     0  _printf_percent_end.o(.ARM.Collect$$_printf_percent$$00000017)
    __rt_lib_init                            0x08000203   Thumb Code     0  libinit.o(.ARM.Collect$$libinit$$00000000)
    __rt_lib_init_fp_1                       0x08000205   Thumb Code     0  libinit2.o(.ARM.Collect$$libinit$$00000002)
    __rt_lib_init_heap_1                     0x08000205   Thumb Code     0  libinit2.o(.ARM.Collect$$libinit$$0000000A)
    __rt_lib_init_preinit_1                  0x08000205   Thumb Code     0  libinit2.o(.ARM.Collect$$libinit$$00000004)
    __rt_lib_init_rand_2                     0x08000205   Thumb Code     0  libinit2.o(.ARM.Collect$$libinit$$0000000D)
    __rt_lib_init_user_alloc_1               0x08000205   Thumb Code     0  libinit2.o(.ARM.Collect$$libinit$$0000000C)
    __rt_lib_init_lc_common                  0x08000209   Thumb Code     0  libinit2.o(.ARM.Collect$$libinit$$0000000F)
    __rt_lib_init_rand_1                     0x08000209   Thumb Code     0  libinit2.o(.ARM.Collect$$libinit$$0000000E)
    __rt_lib_init_lc_collate_1               0x0800020f   Thumb Code     0  libinit2.o(.ARM.Collect$$libinit$$00000011)
    __rt_lib_init_lc_ctype_1                 0x0800020f   Thumb Code     0  libinit2.o(.ARM.Collect$$libinit$$00000013)
    __rt_lib_init_lc_monetary_1              0x0800020f   Thumb Code     0  libinit2.o(.ARM.Collect$$libinit$$00000015)
    __rt_lib_init_lc_numeric_2               0x0800020f   Thumb Code     0  libinit2.o(.ARM.Collect$$libinit$$00000016)
    __rt_lib_init_alloca_1                   0x08000219   Thumb Code     0  libinit2.o(.ARM.Collect$$libinit$$0000002E)
    __rt_lib_init_argv_1                     0x08000219   Thumb Code     0  libinit2.o(.ARM.Collect$$libinit$$0000002C)
    __rt_lib_init_atexit_1                   0x08000219   Thumb Code     0  libinit2.o(.ARM.Collect$$libinit$$0000001B)
    __rt_lib_init_clock_1                    0x08000219   Thumb Code     0  libinit2.o(.ARM.Collect$$libinit$$00000021)
    __rt_lib_init_cpp_1                      0x08000219   Thumb Code     0  libinit2.o(.ARM.Collect$$libinit$$00000032)
    __rt_lib_init_exceptions_1               0x08000219   Thumb Code     0  libinit2.o(.ARM.Collect$$libinit$$00000030)
    __rt_lib_init_fp_trap_1                  0x08000219   Thumb Code     0  libinit2.o(.ARM.Collect$$libinit$$0000001F)
    __rt_lib_init_getenv_1                   0x08000219   Thumb Code     0  libinit2.o(.ARM.Collect$$libinit$$00000023)
    __rt_lib_init_lc_numeric_1               0x08000219   Thumb Code     0  libinit2.o(.ARM.Collect$$libinit$$00000017)
    __rt_lib_init_lc_time_1                  0x08000219   Thumb Code     0  libinit2.o(.ARM.Collect$$libinit$$00000019)
    __rt_lib_init_return                     0x08000219   Thumb Code     0  libinit2.o(.ARM.Collect$$libinit$$00000033)
    __rt_lib_init_signal_1                   0x08000219   Thumb Code     0  libinit2.o(.ARM.Collect$$libinit$$0000001D)
    __rt_lib_init_stdio_1                    0x08000219   Thumb Code     0  libinit2.o(.ARM.Collect$$libinit$$00000025)
    __rt_lib_shutdown                        0x0800021b   Thumb Code     0  libshutdown.o(.ARM.Collect$$libshutdown$$00000000)
    __rt_lib_shutdown_cpp_1                  0x0800021d   Thumb Code     0  libshutdown2.o(.ARM.Collect$$libshutdown$$00000002)
    __rt_lib_shutdown_fp_trap_1              0x0800021d   Thumb Code     0  libshutdown2.o(.ARM.Collect$$libshutdown$$00000007)
    __rt_lib_shutdown_heap_1                 0x0800021d   Thumb Code     0  libshutdown2.o(.ARM.Collect$$libshutdown$$0000000F)
    __rt_lib_shutdown_return                 0x0800021d   Thumb Code     0  libshutdown2.o(.ARM.Collect$$libshutdown$$00000010)
    __rt_lib_shutdown_signal_1               0x0800021d   Thumb Code     0  libshutdown2.o(.ARM.Collect$$libshutdown$$0000000A)
    __rt_lib_shutdown_stdio_1                0x0800021d   Thumb Code     0  libshutdown2.o(.ARM.Collect$$libshutdown$$00000004)
    __rt_lib_shutdown_user_alloc_1           0x0800021d   Thumb Code     0  libshutdown2.o(.ARM.Collect$$libshutdown$$0000000C)
    __rt_entry                               0x0800021f   Thumb Code     0  __rtentry.o(.ARM.Collect$$rtentry$$00000000)
    __rt_entry_presh_1                       0x0800021f   Thumb Code     0  __rtentry2.o(.ARM.Collect$$rtentry$$00000002)
    __rt_entry_sh                            0x0800021f   Thumb Code     0  __rtentry4.o(.ARM.Collect$$rtentry$$00000004)
    __rt_entry_li                            0x08000225   Thumb Code     0  __rtentry2.o(.ARM.Collect$$rtentry$$0000000A)
    __rt_entry_postsh_1                      0x08000225   Thumb Code     0  __rtentry2.o(.ARM.Collect$$rtentry$$00000009)
    __rt_entry_main                          0x08000229   Thumb Code     0  __rtentry2.o(.ARM.Collect$$rtentry$$0000000D)
    __rt_entry_postli_1                      0x08000229   Thumb Code     0  __rtentry2.o(.ARM.Collect$$rtentry$$0000000C)
    __rt_exit                                0x08000231   Thumb Code     0  rtexit.o(.ARM.Collect$$rtexit$$00000000)
    __rt_exit_ls                             0x08000233   Thumb Code     0  rtexit2.o(.ARM.Collect$$rtexit$$00000003)
    __rt_exit_prels_1                        0x08000233   Thumb Code     0  rtexit2.o(.ARM.Collect$$rtexit$$00000002)
    __rt_exit_exit                           0x08000237   Thumb Code     0  rtexit2.o(.ARM.Collect$$rtexit$$00000004)
    rand                                     0x0800023d   Thumb Code    48  rand.o(.emb_text)
    Reset_Handler                            0x08000271   Thumb Code     4  startup_stm32f10x_hd.o(.text)
    ADC1_2_IRQHandler                        0x08000287   Thumb Code     0  startup_stm32f10x_hd.o(.text)
    ADC3_IRQHandler                          0x08000287   Thumb Code     0  startup_stm32f10x_hd.o(.text)
    CAN1_RX1_IRQHandler                      0x08000287   Thumb Code     0  startup_stm32f10x_hd.o(.text)
    CAN1_SCE_IRQHandler                      0x08000287   Thumb Code     0  startup_stm32f10x_hd.o(.text)
    DMA1_Channel1_IRQHandler                 0x08000287   Thumb Code     0  startup_stm32f10x_hd.o(.text)
    DMA1_Channel2_IRQHandler                 0x08000287   Thumb Code     0  startup_stm32f10x_hd.o(.text)
    DMA1_Channel3_IRQHandler                 0x08000287   Thumb Code     0  startup_stm32f10x_hd.o(.text)
    DMA1_Channel4_IRQHandler                 0x08000287   Thumb Code     0  startup_stm32f10x_hd.o(.text)
    DMA1_Channel5_IRQHandler                 0x08000287   Thumb Code     0  startup_stm32f10x_hd.o(.text)
    DMA1_Channel6_IRQHandler                 0x08000287   Thumb Code     0  startup_stm32f10x_hd.o(.text)
    DMA1_Channel7_IRQHandler                 0x08000287   Thumb Code     0  startup_stm32f10x_hd.o(.text)
    DMA2_Channel1_IRQHandler                 0x08000287   Thumb Code     0  startup_stm32f10x_hd.o(.text)
    DMA2_Channel2_IRQHandler                 0x08000287   Thumb Code     0  startup_stm32f10x_hd.o(.text)
    DMA2_Channel3_IRQHandler                 0x08000287   Thumb Code     0  startup_stm32f10x_hd.o(.text)
    DMA2_Channel4_5_IRQHandler               0x08000287   Thumb Code     0  startup_stm32f10x_hd.o(.text)
    EXTI0_IRQHandler                         0x08000287   Thumb Code     0  startup_stm32f10x_hd.o(.text)
    EXTI15_10_IRQHandler                     0x08000287   Thumb Code     0  startup_stm32f10x_hd.o(.text)
    EXTI1_IRQHandler                         0x08000287   Thumb Code     0  startup_stm32f10x_hd.o(.text)
    EXTI9_5_IRQHandler                       0x08000287   Thumb Code     0  startup_stm32f10x_hd.o(.text)
    FLASH_IRQHandler                         0x08000287   Thumb Code     0  startup_stm32f10x_hd.o(.text)
    FSMC_IRQHandler                          0x08000287   Thumb Code     0  startup_stm32f10x_hd.o(.text)
    I2C1_ER_IRQHandler                       0x08000287   Thumb Code     0  startup_stm32f10x_hd.o(.text)
    I2C1_EV_IRQHandler                       0x08000287   Thumb Code     0  startup_stm32f10x_hd.o(.text)
    I2C2_ER_IRQHandler                       0x08000287   Thumb Code     0  startup_stm32f10x_hd.o(.text)
    I2C2_EV_IRQHandler                       0x08000287   Thumb Code     0  startup_stm32f10x_hd.o(.text)
    PVD_IRQHandler                           0x08000287   Thumb Code     0  startup_stm32f10x_hd.o(.text)
    RCC_IRQHandler                           0x08000287   Thumb Code     0  startup_stm32f10x_hd.o(.text)
    RTCAlarm_IRQHandler                      0x08000287   Thumb Code     0  startup_stm32f10x_hd.o(.text)
    RTC_IRQHandler                           0x08000287   Thumb Code     0  startup_stm32f10x_hd.o(.text)
    SDIO_IRQHandler                          0x08000287   Thumb Code     0  startup_stm32f10x_hd.o(.text)
    SPI1_IRQHandler                          0x08000287   Thumb Code     0  startup_stm32f10x_hd.o(.text)
    SPI2_IRQHandler                          0x08000287   Thumb Code     0  startup_stm32f10x_hd.o(.text)
    SPI3_IRQHandler                          0x08000287   Thumb Code     0  startup_stm32f10x_hd.o(.text)
    TAMPER_IRQHandler                        0x08000287   Thumb Code     0  startup_stm32f10x_hd.o(.text)
    TIM1_BRK_IRQHandler                      0x08000287   Thumb Code     0  startup_stm32f10x_hd.o(.text)
    TIM1_CC_IRQHandler                       0x08000287   Thumb Code     0  startup_stm32f10x_hd.o(.text)
    TIM1_TRG_COM_IRQHandler                  0x08000287   Thumb Code     0  startup_stm32f10x_hd.o(.text)
    TIM1_UP_IRQHandler                       0x08000287   Thumb Code     0  startup_stm32f10x_hd.o(.text)
    TIM2_IRQHandler                          0x08000287   Thumb Code     0  startup_stm32f10x_hd.o(.text)
    TIM4_IRQHandler                          0x08000287   Thumb Code     0  startup_stm32f10x_hd.o(.text)
    TIM5_IRQHandler                          0x08000287   Thumb Code     0  startup_stm32f10x_hd.o(.text)
    TIM7_IRQHandler                          0x08000287   Thumb Code     0  startup_stm32f10x_hd.o(.text)
    TIM8_BRK_IRQHandler                      0x08000287   Thumb Code     0  startup_stm32f10x_hd.o(.text)
    TIM8_CC_IRQHandler                       0x08000287   Thumb Code     0  startup_stm32f10x_hd.o(.text)
    TIM8_TRG_COM_IRQHandler                  0x08000287   Thumb Code     0  startup_stm32f10x_hd.o(.text)
    TIM8_UP_IRQHandler                       0x08000287   Thumb Code     0  startup_stm32f10x_hd.o(.text)
    UART4_IRQHandler                         0x08000287   Thumb Code     0  startup_stm32f10x_hd.o(.text)
    UART5_IRQHandler                         0x08000287   Thumb Code     0  startup_stm32f10x_hd.o(.text)
    USART3_IRQHandler                        0x08000287   Thumb Code     0  startup_stm32f10x_hd.o(.text)
    USBWakeUp_IRQHandler                     0x08000287   Thumb Code     0  startup_stm32f10x_hd.o(.text)
    USB_HP_CAN1_TX_IRQHandler                0x08000287   Thumb Code     0  startup_stm32f10x_hd.o(.text)
    USB_LP_CAN1_RX0_IRQHandler               0x08000287   Thumb Code     0  startup_stm32f10x_hd.o(.text)
    WWDG_IRQHandler                          0x08000287   Thumb Code     0  startup_stm32f10x_hd.o(.text)
    __user_initial_stackheap                 0x08000289   Thumb Code     0  startup_stm32f10x_hd.o(.text)
    cr4_fft_1024_stm32                       0x080002a5   Thumb Code     0  cr4_fft_1024_stm32.o(.text)
    __use_no_semihosting                     0x08001485   Thumb Code     2  use_no_semi_2.o(.text)
    __2printf                                0x08001489   Thumb Code    20  noretval__2printf.o(.text)
    __2sprintf                               0x080014a1   Thumb Code    34  noretval__2sprintf.o(.text)
    _printf_int_dec                          0x080014c9   Thumb Code   104  _printf_dec.o(.text)
    _printf_int_hex                          0x08001541   Thumb Code    84  _printf_hex_int.o(.text)
    _printf_longlong_hex                     0x08001541   Thumb Code     0  _printf_hex_int.o(.text)
    __printf                                 0x08001599   Thumb Code   270  __printf_wp.o(.text)
    srand                                    0x080016a9   Thumb Code    42  rand.o(.text)
    _rand_init                               0x080016d3   Thumb Code     4  rand.o(.text)
    __aeabi_memcpy4                          0x080016e5   Thumb Code     0  rt_memcpy_w.o(.text)
    __aeabi_memcpy8                          0x080016e5   Thumb Code     0  rt_memcpy_w.o(.text)
    __rt_memcpy_w                            0x080016e5   Thumb Code   100  rt_memcpy_w.o(.text)
    _memcpy_lastbytes_aligned                0x0800172d   Thumb Code     0  rt_memcpy_w.o(.text)
    __use_two_region_memory                  0x08001749   Thumb Code     2  heapauxi.o(.text)
    __rt_heap_escrow$2region                 0x0800174b   Thumb Code     2  heapauxi.o(.text)
    __rt_heap_expand$2region                 0x0800174d   Thumb Code     2  heapauxi.o(.text)
    __I$use$semihosting                      0x0800174f   Thumb Code     0  use_no_semi.o(.text)
    __use_no_semihosting_swi                 0x0800174f   Thumb Code     2  use_no_semi.o(.text)
    __read_errno                             0x08001751   Thumb Code    10  _rserrno.o(.text)
    __set_errno                              0x0800175b   Thumb Code    12  _rserrno.o(.text)
    _printf_int_common                       0x08001767   Thumb Code   178  _printf_intcommon.o(.text)
    __lib_sel_fp_printf                      0x08001819   Thumb Code     2  _printf_fp_dec.o(.text)
    _printf_fp_dec_real                      0x080019c7   Thumb Code   620  _printf_fp_dec.o(.text)
    _printf_char_common                      0x08001c3f   Thumb Code    32  _printf_char_common.o(.text)
    _sputc                                   0x08001c65   Thumb Code    10  _sputc.o(.text)
    _printf_char_file                        0x08001c71   Thumb Code    32  _printf_char_file.o(.text)
    __rt_locale                              0x08001c95   Thumb Code     8  rt_locale_intlibspace.o(.text)
    __aeabi_errno_addr                       0x08001c9d   Thumb Code     8  rt_errno_addr_intlibspace.o(.text)
    __errno$intlibspace                      0x08001c9d   Thumb Code     0  rt_errno_addr_intlibspace.o(.text)
    __rt_errno_addr$intlibspace              0x08001c9d   Thumb Code     0  rt_errno_addr_intlibspace.o(.text)
    _ll_udiv10                               0x08001ca5   Thumb Code   138  lludiv10.o(.text)
    _printf_fp_infnan                        0x08001d31   Thumb Code   112  _printf_fp_infnan.o(.text)
    _btod_etento                             0x08001db1   Thumb Code   216  bigflt0.o(.text)
    ferror                                   0x08001e8d   Thumb Code     8  ferror.o(.text)
    __user_libspace                          0x08001e95   Thumb Code     8  libspace.o(.text)
    __user_perproc_libspace                  0x08001e95   Thumb Code     0  libspace.o(.text)
    __user_perthread_libspace                0x08001e95   Thumb Code     0  libspace.o(.text)
    __user_setup_stackheap                   0x08001e9d   Thumb Code    74  sys_stackheap_outer.o(.text)
    exit                                     0x08001ee7   Thumb Code    18  exit.o(.text)
    strcmp                                   0x08001ef9   Thumb Code   128  strcmpv7m.o(.text)
    _btod_d2e                                0x08001f79   Thumb Code    62  btod.o(CL$$btod_d2e)
    _d2e_denorm_low                          0x08001fb7   Thumb Code    70  btod.o(CL$$btod_d2e_denorm_low)
    _d2e_norm_op1                            0x08001ffd   Thumb Code    96  btod.o(CL$$btod_d2e_norm_op1)
    __btod_div_common                        0x0800205d   Thumb Code   696  btod.o(CL$$btod_div_common)
    _e2e                                     0x08002395   Thumb Code   198  btod.o(CL$$btod_e2e)
    _btod_ediv                               0x0800245b   Thumb Code    40  btod.o(CL$$btod_ediv)
    _btod_emul                               0x08002483   Thumb Code    40  btod.o(CL$$btod_emul)
    __btod_mult_common                       0x080024ab   Thumb Code   580  btod.o(CL$$btod_mult_common)
    AT24CXX_Init                             0x080026ef   Thumb Code     8  24cxx.o(i.AT24CXX_Init)
    AT24CXX_Read                             0x080026f7   Thumb Code    34  24cxx.o(i.AT24CXX_Read)
    AT24CXX_ReadOneByte                      0x08002719   Thumb Code    88  24cxx.o(i.AT24CXX_ReadOneByte)
    AT24CXX_Write                            0x08002771   Thumb Code    36  24cxx.o(i.AT24CXX_Write)
    AT24CXX_WriteOneByte                     0x08002795   Thumb Code    80  24cxx.o(i.AT24CXX_WriteOneByte)
    Adc_Init                                 0x080027e5   Thumb Code   308  adc.o(i.Adc_Init)
    BEEP_Init                                0x08002929   Thumb Code    42  beep.o(i.BEEP_Init)
    BusFault_Handler                         0x08002961   Thumb Code     4  stm32f10x_it.o(i.BusFault_Handler)
    Dac1_Set_Vol                             0x08002965   Thumb Code    74  dac.o(i.Dac1_Set_Vol)
    DebugMon_Handler                         0x080029bd   Thumb Code     2  stm32f10x_it.o(i.DebugMon_Handler)
    EXTI2_IRQHandler                         0x080029c1   Thumb Code    46  test.o(i.EXTI2_IRQHandler)
    EXTI3_IRQHandler                         0x08002a05   Thumb Code   114  test.o(i.EXTI3_IRQHandler)
    EXTI4_IRQHandler                         0x08002a99   Thumb Code   334  test.o(i.EXTI4_IRQHandler)
    EXTIX_Init                               0x08002c39   Thumb Code    96  exti.o(i.EXTIX_Init)
    Ex_NVIC_Config                           0x08002c99   Thumb Code   146  sys.o(i.Ex_NVIC_Config)
    GetPowerMag                              0x08002d39   Thumb Code   540  test.o(i.GetPowerMag)
    Get_Adc                                  0x08002f85   Thumb Code    64  adc.o(i.Get_Adc)
    HardFault_Handler                        0x08002fc9   Thumb Code     4  stm32f10x_it.o(i.HardFault_Handler)
    IIC_Ack                                  0x08002fcd   Thumb Code    66  myiic.o(i.IIC_Ack)
    IIC_Init                                 0x0800301d   Thumb Code    52  myiic.o(i.IIC_Init)
    IIC_NAck                                 0x08003059   Thumb Code    66  myiic.o(i.IIC_NAck)
    IIC_Read_Byte                            0x080030a9   Thumb Code    98  myiic.o(i.IIC_Read_Byte)
    IIC_Send_Byte                            0x08003119   Thumb Code    90  myiic.o(i.IIC_Send_Byte)
    IIC_Start                                0x08003181   Thumb Code    64  myiic.o(i.IIC_Start)
    IIC_Stop                                 0x080031cd   Thumb Code    62  myiic.o(i.IIC_Stop)
    IIC_Wait_Ack                             0x08003219   Thumb Code    86  myiic.o(i.IIC_Wait_Ack)
    KEY_Init                                 0x0800327d   Thumb Code    86  key.o(i.KEY_Init)
    KEY_Scan                                 0x080032e9   Thumb Code   150  key.o(i.KEY_Scan)
    LCD_Chilun                               0x0800338d   Thumb Code   196  ili93xx.o(i.LCD_Chilun)
    LCD_Clear                                0x0800345d   Thumb Code   100  ili93xx.o(i.LCD_Clear)
    LCD_Display_Dir                          0x080034c9   Thumb Code   444  ili93xx.o(i.LCD_Display_Dir)
    LCD_DrawLine                             0x08003689   Thumb Code   176  ili93xx.o(i.LCD_DrawLine)
    LCD_DrawPoint                            0x08003739   Thumb Code    28  ili93xx.o(i.LCD_DrawPoint)
    LCD_Fast_DrawPoint                       0x0800375d   Thumb Code   370  ili93xx.o(i.LCD_Fast_DrawPoint)
    LCD_Fill                                 0x080038d9   Thumb Code   178  ili93xx.o(i.LCD_Fill)
    LCD_Init                                 0x08003995   Thumb Code 14280  ili93xx.o(i.LCD_Init)
    LCD_Jiasudu                              0x08007165   Thumb Code   196  ili93xx.o(i.LCD_Jiasudu)
    LCD_Pow                                  0x08007235   Thumb Code    22  ili93xx.o(i.LCD_Pow)
    LCD_RD_DATA                              0x0800724d   Thumb Code    14  ili93xx.o(i.LCD_RD_DATA)
    LCD_ReadReg                              0x08007261   Thumb Code    22  ili93xx.o(i.LCD_ReadReg)
    LCD_SSD_BackLightSet                     0x08007279   Thumb Code    80  ili93xx.o(i.LCD_SSD_BackLightSet)
    LCD_Scan_Dir                             0x080072cd   Thumb Code   744  ili93xx.o(i.LCD_Scan_Dir)
    LCD_SetCursor                            0x080075b9   Thumb Code   418  ili93xx.o(i.LCD_SetCursor)
    LCD_ShowChar                             0x08007761   Thumb Code   272  ili93xx.o(i.LCD_ShowChar)
    LCD_ShowChinese                          0x08007889   Thumb Code   196  ili93xx.o(i.LCD_ShowChinese)
    LCD_ShowHEAD                             0x08007959   Thumb Code   192  ili93xx.o(i.LCD_ShowHEAD)
    LCD_ShowHOHAI                            0x08007a25   Thumb Code   196  ili93xx.o(i.LCD_ShowHOHAI)
    LCD_ShowHz                               0x08007af5   Thumb Code   196  ili93xx.o(i.LCD_ShowHz)
    LCD_ShowNum                              0x08007bc5   Thumb Code   148  ili93xx.o(i.LCD_ShowNum)
    LCD_ShowString                           0x08007c59   Thumb Code   102  ili93xx.o(i.LCD_ShowString)
    LCD_Showdianya                           0x08007cc1   Thumb Code   196  ili93xx.o(i.LCD_Showdianya)
    LCD_Showjiasudu                          0x08007d91   Thumb Code   196  ili93xx.o(i.LCD_Showjiasudu)
    LCD_Showsudu                             0x08007e61   Thumb Code   196  ili93xx.o(i.LCD_Showsudu)
    LCD_Sudu                                 0x08007f31   Thumb Code   196  ili93xx.o(i.LCD_Sudu)
    LCD_WR_DATA                              0x08008001   Thumb Code     6  ili93xx.o(i.LCD_WR_DATA)
    LCD_WR_REG                               0x0800800d   Thumb Code     6  ili93xx.o(i.LCD_WR_REG)
    LCD_WriteRAM_Prepare                     0x08008019   Thumb Code    10  ili93xx.o(i.LCD_WriteRAM_Prepare)
    LCD_WriteReg                             0x0800802d   Thumb Code    10  ili93xx.o(i.LCD_WriteReg)
    LCD_pinyu                                0x0800803d   Thumb Code   196  ili93xx.o(i.LCD_pinyu)
    LCD_shiyu                                0x0800810d   Thumb Code   196  ili93xx.o(i.LCD_shiyu)
    LCD_showInterface                        0x080081dd   Thumb Code   514  ili93xx.o(i.LCD_showInterface)
    LCDshow                                  0x080083e5   Thumb Code   386  test.o(i.LCDshow)
    LED_Init                                 0x08008589   Thumb Code   100  led.o(i.LED_Init)
    MYRCC_DeInit                             0x080085f9   Thumb Code    90  sys.o(i.MYRCC_DeInit)
    MY_NVIC_Init                             0x08008661   Thumb Code   116  sys.o(i.MY_NVIC_Init)
    MY_NVIC_PriorityGroupConfig              0x080086d9   Thumb Code    32  sys.o(i.MY_NVIC_PriorityGroupConfig)
    MY_NVIC_SetVectorTable                   0x08008701   Thumb Code    12  sys.o(i.MY_NVIC_SetVectorTable)
    MemManage_Handler                        0x08008715   Thumb Code     4  stm32f10x_it.o(i.MemManage_Handler)
    MyFun                                    0x08008719   Thumb Code  2168  myfun.o(i.MyFun)
    MyFun4                                   0x08008f91   Thumb Code   788  myfun4.o(i.MyFun4)
    MyFun4_initialize                        0x080092b9   Thumb Code    14  myfun4_initialize.o(i.MyFun4_initialize)
    NMI_Handler                              0x080092cd   Thumb Code     2  stm32f10x_it.o(i.NMI_Handler)
    PendSV_Handler                           0x080092cf   Thumb Code     2  stm32f10x_it.o(i.PendSV_Handler)
    RS485_Init                               0x080092d1   Thumb Code   252  rs485.o(i.RS485_Init)
    RS485_Receive_Data                       0x080093e5   Thumb Code    68  rs485.o(i.RS485_Receive_Data)
    RS485_Send_Data                          0x08009431   Thumb Code    70  rs485.o(i.RS485_Send_Data)
    SVC_Handler                              0x08009485   Thumb Code     2  stm32f10x_it.o(i.SVC_Handler)
    Stm32_Clock_Init                         0x08009489   Thumb Code   134  sys.o(i.Stm32_Clock_Init)
    SysTick_Handler                          0x08009519   Thumb Code     2  stm32f10x_it.o(i.SysTick_Handler)
    TIM3_IRQHandler                          0x0800951d   Thumb Code   156  test.o(i.TIM3_IRQHandler)
    TIM3_Int_Init                            0x080095d1   Thumb Code    72  timer.o(i.TIM3_Int_Init)
    TIM6_IRQHandler                          0x08009621   Thumb Code   134  test.o(i.TIM6_IRQHandler)
    TIM6_Int_Init                            0x080096c1   Thumb Code    58  timer.o(i.TIM6_Int_Init)
    USART1_IRQHandler                        0x08009705   Thumb Code   118  usart.o(i.USART1_IRQHandler)
    USART2_IRQHandler                        0x08009789   Thumb Code    46  rs485.o(i.USART2_IRQHandler)
    UsageFault_Handler                       0x080097c5   Thumb Code     4  stm32f10x_it.o(i.UsageFault_Handler)
    Usart1_SendData                          0x080097c9   Thumb Code    22  usart.o(i.Usart1_SendData)
    Usart1_Send_Srting                       0x080097e5   Thumb Code    26  usart.o(i.Usart1_Send_Srting)
    __ARM_fpclassify                         0x080097ff   Thumb Code    40  fpclassify.o(i.__ARM_fpclassify)
    __kernel_poly                            0x08009827   Thumb Code   170  poly.o(i.__kernel_poly)
    __mathlib_dbl_divzero                    0x080098d1   Thumb Code    12  dunder.o(i.__mathlib_dbl_divzero)
    __mathlib_dbl_infnan2                    0x080098e1   Thumb Code     4  dunder.o(i.__mathlib_dbl_infnan2)
    __mathlib_dbl_invalid                    0x080098e5   Thumb Code    12  dunder.o(i.__mathlib_dbl_invalid)
    __mathlib_dbl_overflow                   0x080098f1   Thumb Code    14  dunder.o(i.__mathlib_dbl_overflow)
    __mathlib_dbl_underflow                  0x08009901   Thumb Code    10  dunder.o(i.__mathlib_dbl_underflow)
    _is_digit                                0x08009911   Thumb Code    14  __printf_wp.o(i._is_digit)
    _sys_exit                                0x0800991f   Thumb Code     6  usart.o(i._sys_exit)
    clear_point                              0x08009925   Thumb Code   166  test.o(i.clear_point)
    dataZhuanhuan                            0x080099dd   Thumb Code   874  test.o(i.dataZhuanhuan)
    delay_init                               0x08009e09   Thumb Code    56  delay.o(i.delay_init)
    delay_ms                                 0x08009e49   Thumb Code    56  delay.o(i.delay_ms)
    delay_us                                 0x08009e85   Thumb Code    56  delay.o(i.delay_us)
    fft                                      0x08009ec1   Thumb Code   588  fft.o(i.fft)
    floor                                    0x0800a115   Thumb Code   204  floor.o(i.floor)
    fputc                                    0x0800a1f1   Thumb Code    24  usart.o(i.fputc)
    funCrestFactor                           0x0800a20d   Thumb Code   260  myfun.o(i.funCrestFactor)
    funImpulseFactor                         0x0800a315   Thumb Code    30  myfun.o(i.funImpulseFactor)
    funKurtosis                              0x0800a335   Thumb Code   322  myfun.o(i.funKurtosis)
    funMarginFactor                          0x0800a47d   Thumb Code   138  myfun.o(i.funMarginFactor)
    funSkewness                              0x0800a50d   Thumb Code   340  myfun.o(i.funSkewness)
    helper                                   0x0800a871   Thumb Code   154  myfun.o(i.helper)
    helper2                                  0x0800a911   Thumb Code   168  myfun.o(i.helper2)
    hilbert                                  0x0800a9b9   Thumb Code   816  hilbert.o(i.hilbert)
    lcd_huadian                              0x0800acf5   Thumb Code    22  test.o(i.lcd_huadian)
    lcd_huaxian                              0x0800ad0b   Thumb Code    36  test.o(i.lcd_huaxian)
    lcd_init                                 0x0800ad31   Thumb Code   278  test.o(i.lcd_init)
    ldc_show_fft                             0x0800ae81   Thumb Code   176  test.o(i.ldc_show_fft)
    main                                     0x0800af41   Thumb Code   600  test.o(i.main)
    pow                                      0x0800b1fd   Thumb Code  2512  pow.o(i.pow)
    rtGetInf                                 0x0800bbd5   Thumb Code    70  rtgetinf.o(i.rtGetInf)
    rtGetInfF                                0x0800bc21   Thumb Code    12  rtgetinf.o(i.rtGetInfF)
    rtGetMinusInf                            0x0800bc2d   Thumb Code    70  rtgetinf.o(i.rtGetMinusInf)
    rtGetMinusInfF                           0x0800bc79   Thumb Code    10  rtgetinf.o(i.rtGetMinusInfF)
    rtGetNaN                                 0x0800bc89   Thumb Code    74  rtgetnan.o(i.rtGetNaN)
    rtGetNaNF                                0x0800bcd9   Thumb Code    54  rtgetnan.o(i.rtGetNaNF)
    rtIsInf                                  0x0800bd15   Thumb Code    42  rt_nonfinite.o(i.rtIsInf)
    rtIsNaN                                  0x0800bd49   Thumb Code    28  rt_nonfinite.o(i.rtIsNaN)
    rt_InitInfAndNaN                         0x0800bd65   Thumb Code    52  rt_nonfinite.o(i.rt_InitInfAndNaN)
    sqrt                                     0x0800bec1   Thumb Code    76  sqrt.o(i.sqrt)
    uart_init                                0x0800bf0d   Thumb Code   202  usart.o(i.uart_init)
    _get_lc_numeric                          0x0800bfe9   Thumb Code    44  lc_numeric_c.o(locale$$code)
    __aeabi_d2f                              0x0800c015   Thumb Code     0  d2f.o(x$fpl$d2f)
    _d2f                                     0x0800c015   Thumb Code    98  d2f.o(x$fpl$d2f)
    __aeabi_dadd                             0x0800c079   Thumb Code     0  daddsub_clz.o(x$fpl$dadd)
    _dadd                                    0x0800c079   Thumb Code   332  daddsub_clz.o(x$fpl$dadd)
    __fpl_dcheck_NaN1                        0x0800c1c9   Thumb Code    10  dcheck1.o(x$fpl$dcheck1)
    __fpl_dcmp_Inf                           0x0800c1d9   Thumb Code    24  dcmpi.o(x$fpl$dcmpinf)
    __aeabi_ddiv                             0x0800c1f1   Thumb Code     0  ddiv.o(x$fpl$ddiv)
    _ddiv                                    0x0800c1f1   Thumb Code   552  ddiv.o(x$fpl$ddiv)
    __aeabi_cdcmpeq                          0x0800c4a1   Thumb Code     0  deqf.o(x$fpl$deqf)
    _dcmpeq                                  0x0800c4a1   Thumb Code   120  deqf.o(x$fpl$deqf)
    __aeabi_d2uiz                            0x0800c519   Thumb Code     0  dfixu.o(x$fpl$dfixu)
    _dfixu                                   0x0800c519   Thumb Code    90  dfixu.o(x$fpl$dfixu)
    __aeabi_i2d                              0x0800c573   Thumb Code     0  dflt_clz.o(x$fpl$dflt)
    _dflt                                    0x0800c573   Thumb Code    46  dflt_clz.o(x$fpl$dflt)
    __aeabi_ui2d                             0x0800c5a1   Thumb Code     0  dflt_clz.o(x$fpl$dfltu)
    _dfltu                                   0x0800c5a1   Thumb Code    38  dflt_clz.o(x$fpl$dfltu)
    __aeabi_cdcmple                          0x0800c5c9   Thumb Code     0  dleqf.o(x$fpl$dleqf)
    _dcmple                                  0x0800c5c9   Thumb Code   120  dleqf.o(x$fpl$dleqf)
    __fpl_dcmple_InfNaN                      0x0800c62b   Thumb Code     0  dleqf.o(x$fpl$dleqf)
    __aeabi_dmul                             0x0800c641   Thumb Code     0  dmul.o(x$fpl$dmul)
    _dmul                                    0x0800c641   Thumb Code   332  dmul.o(x$fpl$dmul)
    __fpl_dnaninf                            0x0800c795   Thumb Code   156  dnaninf.o(x$fpl$dnaninf)
    __fpl_dretinf                            0x0800c831   Thumb Code    12  dretinf.o(x$fpl$dretinf)
    __aeabi_cdrcmple                         0x0800c83d   Thumb Code     0  drleqf.o(x$fpl$drleqf)
    _drcmple                                 0x0800c83d   Thumb Code   108  drleqf.o(x$fpl$drleqf)
    __aeabi_drsub                            0x0800c8a9   Thumb Code     0  daddsub_clz.o(x$fpl$drsb)
    _drsb                                    0x0800c8a9   Thumb Code    22  daddsub_clz.o(x$fpl$drsb)
    _dsqrt                                   0x0800c8c1   Thumb Code   456  dsqrt_noumaal.o(x$fpl$dsqrt)
    __aeabi_dsub                             0x0800ca8d   Thumb Code     0  daddsub_clz.o(x$fpl$dsub)
    _dsub                                    0x0800ca8d   Thumb Code   464  daddsub_clz.o(x$fpl$dsub)
    __aeabi_f2d                              0x0800cc61   Thumb Code     0  f2d.o(x$fpl$f2d)
    _f2d                                     0x0800cc61   Thumb Code    86  f2d.o(x$fpl$f2d)
    __aeabi_fadd                             0x0800ccb9   Thumb Code     0  faddsub_clz.o(x$fpl$fadd)
    _fadd                                    0x0800ccb9   Thumb Code   196  faddsub_clz.o(x$fpl$fadd)
    __fpl_fcmp_Inf                           0x0800cd7d   Thumb Code    24  fcmpi.o(x$fpl$fcmpinf)
    __aeabi_fdiv                             0x0800cd95   Thumb Code     0  fdiv.o(x$fpl$fdiv)
    _fdiv                                    0x0800cd95   Thumb Code   384  fdiv.o(x$fpl$fdiv)
    __aeabi_cfcmpeq                          0x0800cf19   Thumb Code     0  feqf.o(x$fpl$feqf)
    _fcmpeq                                  0x0800cf19   Thumb Code   104  feqf.o(x$fpl$feqf)
    __aeabi_f2uiz                            0x0800cf81   Thumb Code     0  ffixu.o(x$fpl$ffixu)
    _ffixu                                   0x0800cf81   Thumb Code    62  ffixu.o(x$fpl$ffixu)
    __aeabi_i2f                              0x0800cfc1   Thumb Code     0  fflt_clz.o(x$fpl$fflt)
    _fflt                                    0x0800cfc1   Thumb Code    48  fflt_clz.o(x$fpl$fflt)
    __aeabi_ui2f                             0x0800cff1   Thumb Code     0  fflt_clz.o(x$fpl$ffltu)
    _ffltu                                   0x0800cff1   Thumb Code    38  fflt_clz.o(x$fpl$ffltu)
    __aeabi_cfcmple                          0x0800d019   Thumb Code     0  fleqf.o(x$fpl$fleqf)
    _fcmple                                  0x0800d019   Thumb Code   104  fleqf.o(x$fpl$fleqf)
    __fpl_fcmple_InfNaN                      0x0800d06b   Thumb Code     0  fleqf.o(x$fpl$fleqf)
    __aeabi_fmul                             0x0800d081   Thumb Code     0  fmul.o(x$fpl$fmul)
    _fmul                                    0x0800d081   Thumb Code   258  fmul.o(x$fpl$fmul)
    __fpl_fnaninf                            0x0800d183   Thumb Code   140  fnaninf.o(x$fpl$fnaninf)
    __fpl_fretinf                            0x0800d20f   Thumb Code    10  fretinf.o(x$fpl$fretinf)
    __aeabi_cfrcmple                         0x0800d219   Thumb Code     0  frleqf.o(x$fpl$frleqf)
    _frcmple                                 0x0800d219   Thumb Code    98  frleqf.o(x$fpl$frleqf)
    __aeabi_frsub                            0x0800d27b   Thumb Code     0  faddsub_clz.o(x$fpl$frsb)
    _frsb                                    0x0800d27b   Thumb Code    20  faddsub_clz.o(x$fpl$frsb)
    __aeabi_fsub                             0x0800d291   Thumb Code     0  faddsub_clz.o(x$fpl$fsub)
    _fsub                                    0x0800d291   Thumb Code   234  faddsub_clz.o(x$fpl$fsub)
    _printf_fp_dec                           0x0800d37b   Thumb Code     4  printf1.o(x$fpl$printf1)
    __fpl_return_NaN                         0x0800d37f   Thumb Code   100  retnan.o(x$fpl$retnan)
    __ARM_scalbn                             0x0800d3e3   Thumb Code    92  scalbn.o(x$fpl$scalbn)
    __fpl_cmpreturn                          0x0800d43f   Thumb Code    48  trapv.o(x$fpl$trapveneer)
    __I$use$fp                               0x0800d46e   Number         0  usenofp.o(x$fpl$usenofp)
    asc2_1206                                0x0800d46e   Data        1140  ili93xx.o(.constdata)
    asc2_1608                                0x0800d8e2   Data        1520  ili93xx.o(.constdata)
    asc2_2412                                0x0800ded2   Data        3420  ili93xx.o(.constdata)
    HEAD                                     0x0800ec2e   Data        3328  ili93xx.o(.constdata)
    HOHAI                                    0x0800f92e   Data         432  ili93xx.o(.constdata)
    CHINESEADC                               0x0800fade   Data         576  ili93xx.o(.constdata)
    CHINESE24                                0x0800fd1e   Data        1656  ili93xx.o(.constdata)
    CHINESE                                  0x08010396   Data        1656  ili93xx.o(.constdata)
    showV                                    0x08010a0e   Data        1656  ili93xx.o(.constdata)
    showA                                    0x08011086   Data        1656  ili93xx.o(.constdata)
    showHz                                   0x080116fe   Data        1656  ili93xx.o(.constdata)
    sudu                                     0x08011d76   Data        1656  ili93xx.o(.constdata)
    jiasudu                                  0x080123ee   Data        1656  ili93xx.o(.constdata)
    boxingtu                                 0x08012a66   Data         648  ili93xx.o(.constdata)
    signal                                   0x08012cee   Data         288  ili93xx.o(.constdata)
    chilun                                   0x08012e0e   Data         288  ili93xx.o(.constdata)
    shiyuzi                                  0x08012f2e   Data         288  ili93xx.o(.constdata)
    pinyuzi                                  0x0801304e   Data         288  ili93xx.o(.constdata)
    dv                                       0x08014978   Data        4104  myfun4_data.o(.constdata)
    __mathlib_zero                           0x08015a30   Data           8  qnan.o(.constdata)
    Region$$Table$$Base                      0x08015b18   Number         0  anon$$obj.o(Region$$Table)
    Region$$Table$$Limit                     0x08015b38   Number         0  anon$$obj.o(Region$$Table)
    TableFFT                                 0x20000000   Data        4080  test.o(.data)
    Square_table                             0x20000ff0   Data         256  test.o(.data)
    Sin_table                                0x200010f0   Data         256  test.o(.data)
    Triangle_table                           0x200011f0   Data         256  test.o(.data)
    key                                      0x200012f0   Data           1  test.o(.data)
    i                                        0x200012f2   Data           2  test.o(.data)
    adcmax                                   0x200012f4   Data           4  test.o(.data)
    adcmin                                   0x200012f8   Data           4  test.o(.data)
    vpp                                      0x200012fc   Data           2  test.o(.data)
    t                                        0x200012fe   Data           2  test.o(.data)
    Set_T                                    0x20001300   Data           4  test.o(.data)
    Show_T                                   0x20001304   Data           4  test.o(.data)
    tmp_T                                    0x20001308   Data           6  test.o(.data)
    F                                        0x20001310   Data           4  test.o(.data)
    U                                        0x20001314   Data           2  test.o(.data)
    V                                        0x20001316   Data           2  test.o(.data)
    get_v                                    0x20001318   Data           2  test.o(.data)
    save_v                                   0x2000131a   Data           2  test.o(.data)
    BL                                       0x2000131c   Data           4  test.o(.data)
    k                                        0x20001320   Data           4  test.o(.data)
    v                                        0x20001324   Data           4  test.o(.data)
    a                                        0x20001328   Data           4  test.o(.data)
    preA                                     0x2000132c   Data           4  test.o(.data)
    aStr                                     0x20001330   Data           7  test.o(.data)
    aCount                                   0x20001337   Data           1  test.o(.data)
    tmpandaStr                               0x20001338   Data           7  test.o(.data)
    vStr                                     0x2000133f   Data           7  test.o(.data)
    flag                                     0x20001348   Data           4  test.o(.data)
    Aflag                                    0x2000134c   Data           4  test.o(.data)
    adc_flag                                 0x20001350   Data           1  test.o(.data)
    clear_flag                               0x20001351   Data           1  test.o(.data)
    isPinpu                                  0x20001352   Data           1  test.o(.data)
    table                                    0x20001354   Data          30  test.o(.data)
    h                                        0x20001372   Data           2  test.o(.data)
    Wave_flag                                0x20001374   Data           1  test.o(.data)
    timeSet                                  0x20001376   Data           2  test.o(.data)
    tmp_1                                    0x20001378   Data           8  test.o(.data)
    pretmp_1                                 0x20001380   Data           8  test.o(.data)
    temp                                     0x20001388   Data           4  test.o(.data)
    tmp                                      0x2000138c   Data           7  test.o(.data)
    rec_length                               0x20001393   Data           1  test.o(.data)
    length                                   0x20001394   Data           2  test.o(.data)
    myI                                      0x20001398   Data           4  test.o(.data)
    Mean                                     0x2000139c   Data           4  test.o(.data)
    Std                                      0x200013a0   Data           4  test.o(.data)
    Skewness                                 0x200013a4   Data           4  test.o(.data)
    Kurtosis                                 0x200013a8   Data           4  test.o(.data)
    Peak2Peak                                0x200013ac   Data           4  test.o(.data)
    RMS                                      0x200013b0   Data           4  test.o(.data)
    CrestFactor                              0x200013b4   Data           4  test.o(.data)
    ShapeFactor                              0x200013b8   Data           4  test.o(.data)
    ImpulseFactor                            0x200013bc   Data           4  test.o(.data)
    MarginFactor                             0x200013c0   Data           4  test.o(.data)
    Energy                                   0x200013c4   Data           4  test.o(.data)
    f                                        0x200013c8   Data           4  test.o(.data)
    p3                                       0x200013cc   Data           4  test.o(.data)
    CrestFactor1                             0x200013d0   Data           4  test.o(.data)
    NormalSkewness                           0x200013d4   Data           4  test.o(.data)
    NormalKurtosis                           0x200013d8   Data           4  test.o(.data)
    NormalCrestFactor                        0x200013dc   Data           4  test.o(.data)
    NormalImpulseFactor                      0x200013e0   Data           4  test.o(.data)
    NormalMarginFactor                       0x200013e4   Data           4  test.o(.data)
    Normalf                                  0x200013e8   Data           4  test.o(.data)
    Normalp3                                 0x200013ec   Data           4  test.o(.data)
    NormalFactor1                            0x200013f0   Data           4  test.o(.data)
    __stdout                                 0x200013fc   Data           4  usart.o(.data)
    USART_RX_STA                             0x20001400   Data           2  usart.o(.data)
    POINT_COLOR                              0x20001404   Data           2  ili93xx.o(.data)
    BACK_COLOR                               0x20001406   Data           2  ili93xx.o(.data)
    RS485_RX_CNT                             0x20001408   Data           1  rs485.o(.data)
    rtInf                                    0x20001410   Data           8  rt_nonfinite.o(.data)
    rtMinusInf                               0x20001418   Data           8  rt_nonfinite.o(.data)
    rtNaN                                    0x20001420   Data           8  rt_nonfinite.o(.data)
    rtInfF                                   0x20001428   Data           4  rt_nonfinite.o(.data)
    rtMinusInfF                              0x2000142c   Data           4  rt_nonfinite.o(.data)
    rtNaNF                                   0x20001430   Data           4  rt_nonfinite.o(.data)
    isInitialized_MyFun4                     0x20001434   Data           1  myfun4_data.o(.data)
    adcx                                     0x20001438   Data        4096  test.o(.bss)
    fftin                                    0x20002438   Data        4096  test.o(.bss)
    fftout                                   0x20003438   Data        4096  test.o(.bss)
    FFT_Mag                                  0x20004438   Data        2048  test.o(.bss)
    rs485_recbuf                             0x20004c38   Data          60  test.o(.bss)
    data                                     0x20004c74   Data          60  test.o(.bss)
    sendchar                                 0x20004cb0   Data          70  test.o(.bss)
    data_Serial                              0x20004cf6   Data          70  test.o(.bss)
    data_Esp8266                             0x20004d3c   Data          70  test.o(.bss)
    MyNum                                    0x20004d84   Data        4096  test.o(.bss)
    MyNum2                                   0x20005d84   Data        4096  test.o(.bss)
    pinyu                                    0x20006d84   Data          12  test.o(.bss)
    USART_RX_BUF                             0x20006d90   Data         200  usart.o(.bss)
    lcddev                                   0x20006e58   Data          14  ili93xx.o(.bss)
    RS485_RX_BUF                             0x20006e66   Data          64  rs485.o(.bss)
    _random_number_data                      0x20006ea8   Data         228  rand.o(.bss)
    __libspace_start                         0x20006f8c   Data          96  libspace.o(.bss)
    __temporary_stack_top$libspace           0x20006fec   Data           0  libspace.o(.bss)



==============================================================================

Memory Map of the image

  Image Entry point : 0x08000131

  Load Region LR_IROM1 (Base: 0x08000000, Size: 0x00016f8c, Max: 0x00080000, ABSOLUTE, COMPRESSED[0x000169d0])

    Execution Region ER_IROM1 (Base: 0x08000000, Size: 0x00015b54, Max: 0x00080000, ABSOLUTE)

    Base Addr    Size         Type   Attr      Idx    E Section Name        Object

    0x08000000   0x00000130   Data   RO            3    RESET               startup_stm32f10x_hd.o
    0x08000130   0x00000008   Code   RO         1472  * !!!main             c_w.l(__main.o)
    0x08000138   0x00000034   Code   RO         1820    !!!scatter          c_w.l(__scatter.o)
    0x0800016c   0x00000064   Code   RO         1818    !!dclz77c           c_w.l(__dclz77c.o)
    0x080001d0   0x0000001c   Code   RO         1822    !!handler_zi        c_w.l(__scatter_zi.o)
    0x080001ec   0x00000000   Code   RO         1462    .ARM.Collect$$_printf_percent$$00000000  c_w.l(_printf_percent.o)
    0x080001ec   0x00000006   Code   RO         1461    .ARM.Collect$$_printf_percent$$00000003  c_w.l(_printf_f.o)
    0x080001f2   0x00000006   Code   RO         1460    .ARM.Collect$$_printf_percent$$00000009  c_w.l(_printf_d.o)
    0x080001f8   0x00000006   Code   RO         1459    .ARM.Collect$$_printf_percent$$0000000C  c_w.l(_printf_x.o)
    0x080001fe   0x00000004   Code   RO         1573    .ARM.Collect$$_printf_percent$$00000017  c_w.l(_printf_percent_end.o)
    0x08000202   0x00000002   Code   RO         1744    .ARM.Collect$$libinit$$00000000  c_w.l(libinit.o)
    0x08000204   0x00000000   Code   RO         1575    .ARM.Collect$$libinit$$00000002  c_w.l(libinit2.o)
    0x08000204   0x00000000   Code   RO         1577    .ARM.Collect$$libinit$$00000004  c_w.l(libinit2.o)
    0x08000204   0x00000000   Code   RO         1580    .ARM.Collect$$libinit$$0000000A  c_w.l(libinit2.o)
    0x08000204   0x00000000   Code   RO         1582    .ARM.Collect$$libinit$$0000000C  c_w.l(libinit2.o)
    0x08000204   0x00000004   Code   RO         1583    .ARM.Collect$$libinit$$0000000D  c_w.l(libinit2.o)
    0x08000208   0x00000000   Code   RO         1584    .ARM.Collect$$libinit$$0000000E  c_w.l(libinit2.o)
    0x08000208   0x00000006   Code   RO         1585    .ARM.Collect$$libinit$$0000000F  c_w.l(libinit2.o)
    0x0800020e   0x00000000   Code   RO         1587    .ARM.Collect$$libinit$$00000011  c_w.l(libinit2.o)
    0x0800020e   0x00000000   Code   RO         1589    .ARM.Collect$$libinit$$00000013  c_w.l(libinit2.o)
    0x0800020e   0x00000000   Code   RO         1591    .ARM.Collect$$libinit$$00000015  c_w.l(libinit2.o)
    0x0800020e   0x0000000a   Code   RO         1592    .ARM.Collect$$libinit$$00000016  c_w.l(libinit2.o)
    0x08000218   0x00000000   Code   RO         1593    .ARM.Collect$$libinit$$00000017  c_w.l(libinit2.o)
    0x08000218   0x00000000   Code   RO         1595    .ARM.Collect$$libinit$$00000019  c_w.l(libinit2.o)
    0x08000218   0x00000000   Code   RO         1597    .ARM.Collect$$libinit$$0000001B  c_w.l(libinit2.o)
    0x08000218   0x00000000   Code   RO         1599    .ARM.Collect$$libinit$$0000001D  c_w.l(libinit2.o)
    0x08000218   0x00000000   Code   RO         1601    .ARM.Collect$$libinit$$0000001F  c_w.l(libinit2.o)
    0x08000218   0x00000000   Code   RO         1603    .ARM.Collect$$libinit$$00000021  c_w.l(libinit2.o)
    0x08000218   0x00000000   Code   RO         1605    .ARM.Collect$$libinit$$00000023  c_w.l(libinit2.o)
    0x08000218   0x00000000   Code   RO         1607    .ARM.Collect$$libinit$$00000025  c_w.l(libinit2.o)
    0x08000218   0x00000000   Code   RO         1611    .ARM.Collect$$libinit$$0000002C  c_w.l(libinit2.o)
    0x08000218   0x00000000   Code   RO         1613    .ARM.Collect$$libinit$$0000002E  c_w.l(libinit2.o)
    0x08000218   0x00000000   Code   RO         1615    .ARM.Collect$$libinit$$00000030  c_w.l(libinit2.o)
    0x08000218   0x00000000   Code   RO         1617    .ARM.Collect$$libinit$$00000032  c_w.l(libinit2.o)
    0x08000218   0x00000002   Code   RO         1618    .ARM.Collect$$libinit$$00000033  c_w.l(libinit2.o)
    0x0800021a   0x00000002   Code   RO         1779    .ARM.Collect$$libshutdown$$00000000  c_w.l(libshutdown.o)
    0x0800021c   0x00000000   Code   RO         1785    .ARM.Collect$$libshutdown$$00000002  c_w.l(libshutdown2.o)
    0x0800021c   0x00000000   Code   RO         1787    .ARM.Collect$$libshutdown$$00000004  c_w.l(libshutdown2.o)
    0x0800021c   0x00000000   Code   RO         1790    .ARM.Collect$$libshutdown$$00000007  c_w.l(libshutdown2.o)
    0x0800021c   0x00000000   Code   RO         1793    .ARM.Collect$$libshutdown$$0000000A  c_w.l(libshutdown2.o)
    0x0800021c   0x00000000   Code   RO         1795    .ARM.Collect$$libshutdown$$0000000C  c_w.l(libshutdown2.o)
    0x0800021c   0x00000000   Code   RO         1798    .ARM.Collect$$libshutdown$$0000000F  c_w.l(libshutdown2.o)
    0x0800021c   0x00000002   Code   RO         1799    .ARM.Collect$$libshutdown$$00000010  c_w.l(libshutdown2.o)
    0x0800021e   0x00000000   Code   RO         1560    .ARM.Collect$$rtentry$$00000000  c_w.l(__rtentry.o)
    0x0800021e   0x00000000   Code   RO         1656    .ARM.Collect$$rtentry$$00000002  c_w.l(__rtentry2.o)
    0x0800021e   0x00000006   Code   RO         1668    .ARM.Collect$$rtentry$$00000004  c_w.l(__rtentry4.o)
    0x08000224   0x00000000   Code   RO         1658    .ARM.Collect$$rtentry$$00000009  c_w.l(__rtentry2.o)
    0x08000224   0x00000004   Code   RO         1659    .ARM.Collect$$rtentry$$0000000A  c_w.l(__rtentry2.o)
    0x08000228   0x00000000   Code   RO         1661    .ARM.Collect$$rtentry$$0000000C  c_w.l(__rtentry2.o)
    0x08000228   0x00000008   Code   RO         1662    .ARM.Collect$$rtentry$$0000000D  c_w.l(__rtentry2.o)
    0x08000230   0x00000002   Code   RO         1749    .ARM.Collect$$rtexit$$00000000  c_w.l(rtexit.o)
    0x08000232   0x00000000   Code   RO         1761    .ARM.Collect$$rtexit$$00000002  c_w.l(rtexit2.o)
    0x08000232   0x00000004   Code   RO         1762    .ARM.Collect$$rtexit$$00000003  c_w.l(rtexit2.o)
    0x08000236   0x00000006   Code   RO         1763    .ARM.Collect$$rtexit$$00000004  c_w.l(rtexit2.o)
    0x0800023c   0x00000034   Code   RO         1463    .emb_text           c_w.l(rand.o)
    0x08000270   0x00000034   Code   RO            4    .text               startup_stm32f10x_hd.o
    0x080002a4   0x000011e0   Code   RO          908    .text               cr4_fft_1024_stm32.o
    0x08001484   0x00000002   Code   RO         1404    .text               c_w.l(use_no_semi_2.o)
    0x08001486   0x00000002   PAD
    0x08001488   0x00000018   Code   RO         1410    .text               c_w.l(noretval__2printf.o)
    0x080014a0   0x00000028   Code   RO         1412    .text               c_w.l(noretval__2sprintf.o)
    0x080014c8   0x00000078   Code   RO         1416    .text               c_w.l(_printf_dec.o)
    0x08001540   0x00000058   Code   RO         1421    .text               c_w.l(_printf_hex_int.o)
    0x08001598   0x0000010e   Code   RO         1447    .text               c_w.l(__printf_wp.o)
    0x080016a6   0x00000002   PAD
    0x080016a8   0x0000003c   Code   RO         1464    .text               c_w.l(rand.o)
    0x080016e4   0x00000064   Code   RO         1468    .text               c_w.l(rt_memcpy_w.o)
    0x08001748   0x00000006   Code   RO         1470    .text               c_w.l(heapauxi.o)
    0x0800174e   0x00000002   Code   RO         1558    .text               c_w.l(use_no_semi.o)
    0x08001750   0x00000016   Code   RO         1561    .text               c_w.l(_rserrno.o)
    0x08001766   0x000000b2   Code   RO         1563    .text               c_w.l(_printf_intcommon.o)
    0x08001818   0x0000041a   Code   RO         1565    .text               c_w.l(_printf_fp_dec.o)
    0x08001c32   0x00000002   PAD
    0x08001c34   0x00000030   Code   RO         1567    .text               c_w.l(_printf_char_common.o)
    0x08001c64   0x0000000a   Code   RO         1569    .text               c_w.l(_sputc.o)
    0x08001c6e   0x00000002   PAD
    0x08001c70   0x00000024   Code   RO         1571    .text               c_w.l(_printf_char_file.o)
    0x08001c94   0x00000008   Code   RO         1673    .text               c_w.l(rt_locale_intlibspace.o)
    0x08001c9c   0x00000008   Code   RO         1678    .text               c_w.l(rt_errno_addr_intlibspace.o)
    0x08001ca4   0x0000008a   Code   RO         1680    .text               c_w.l(lludiv10.o)
    0x08001d2e   0x00000002   PAD
    0x08001d30   0x00000080   Code   RO         1682    .text               c_w.l(_printf_fp_infnan.o)
    0x08001db0   0x000000dc   Code   RO         1686    .text               c_w.l(bigflt0.o)
    0x08001e8c   0x00000008   Code   RO         1711    .text               c_w.l(ferror.o)
    0x08001e94   0x00000008   Code   RO         1726    .text               c_w.l(libspace.o)
    0x08001e9c   0x0000004a   Code   RO         1729    .text               c_w.l(sys_stackheap_outer.o)
    0x08001ee6   0x00000012   Code   RO         1731    .text               c_w.l(exit.o)
    0x08001ef8   0x00000080   Code   RO         1733    .text               c_w.l(strcmpv7m.o)
    0x08001f78   0x0000003e   Code   RO         1689    CL$$btod_d2e        c_w.l(btod.o)
    0x08001fb6   0x00000046   Code   RO         1691    CL$$btod_d2e_denorm_low  c_w.l(btod.o)
    0x08001ffc   0x00000060   Code   RO         1690    CL$$btod_d2e_norm_op1  c_w.l(btod.o)
    0x0800205c   0x00000338   Code   RO         1699    CL$$btod_div_common  c_w.l(btod.o)
    0x08002394   0x000000c6   Code   RO         1696    CL$$btod_e2e        c_w.l(btod.o)
    0x0800245a   0x00000028   Code   RO         1693    CL$$btod_ediv       c_w.l(btod.o)
    0x08002482   0x00000028   Code   RO         1692    CL$$btod_emul       c_w.l(btod.o)
    0x080024aa   0x00000244   Code   RO         1698    CL$$btod_mult_common  c_w.l(btod.o)
    0x080026ee   0x00000008   Code   RO          949    i.AT24CXX_Init      24cxx.o
    0x080026f6   0x00000022   Code   RO          950    i.AT24CXX_Read      24cxx.o
    0x08002718   0x00000058   Code   RO          951    i.AT24CXX_ReadOneByte  24cxx.o
    0x08002770   0x00000024   Code   RO          952    i.AT24CXX_Write     24cxx.o
    0x08002794   0x00000050   Code   RO          953    i.AT24CXX_WriteOneByte  24cxx.o
    0x080027e4   0x00000144   Code   RO          548    i.Adc_Init          adc.o
    0x08002928   0x00000038   Code   RO          506    i.BEEP_Init         beep.o
    0x08002960   0x00000004   Code   RO          211    i.BusFault_Handler  stm32f10x_it.o
    0x08002964   0x00000058   Code   RO          573    i.Dac1_Set_Vol      dac.o
    0x080029bc   0x00000002   Code   RO          212    i.DebugMon_Handler  stm32f10x_it.o
    0x080029be   0x00000002   PAD
    0x080029c0   0x00000044   Code   RO           10    i.EXTI2_IRQHandler  test.o
    0x08002a04   0x00000094   Code   RO           11    i.EXTI3_IRQHandler  test.o
    0x08002a98   0x000001a0   Code   RO           12    i.EXTI4_IRQHandler  test.o
    0x08002c38   0x00000060   Code   RO          536    i.EXTIX_Init        exti.o
    0x08002c98   0x000000a0   Code   RO          335    i.Ex_NVIC_Config    sys.o
    0x08002d38   0x0000024c   Code   RO           13    i.GetPowerMag       test.o
    0x08002f84   0x00000044   Code   RO          549    i.Get_Adc           adc.o
    0x08002fc8   0x00000004   Code   RO          213    i.HardFault_Handler  stm32f10x_it.o
    0x08002fcc   0x00000050   Code   RO          990    i.IIC_Ack           myiic.o
    0x0800301c   0x0000003c   Code   RO          991    i.IIC_Init          myiic.o
    0x08003058   0x00000050   Code   RO          992    i.IIC_NAck          myiic.o
    0x080030a8   0x00000070   Code   RO          993    i.IIC_Read_Byte     myiic.o
    0x08003118   0x00000068   Code   RO          994    i.IIC_Send_Byte     myiic.o
    0x08003180   0x0000004c   Code   RO          995    i.IIC_Start         myiic.o
    0x080031cc   0x0000004c   Code   RO          996    i.IIC_Stop          myiic.o
    0x08003218   0x00000064   Code   RO          997    i.IIC_Wait_Ack      myiic.o
    0x0800327c   0x0000006c   Code   RO          487    i.KEY_Init          key.o
    0x080032e8   0x000000a4   Code   RO          488    i.KEY_Scan          key.o
    0x0800338c   0x000000d0   Code   RO          593    i.LCD_Chilun        ili93xx.o
    0x0800345c   0x0000006c   Code   RO          594    i.LCD_Clear         ili93xx.o
    0x080034c8   0x000001c0   Code   RO          598    i.LCD_Display_Dir   ili93xx.o
    0x08003688   0x000000b0   Code   RO          599    i.LCD_DrawLine      ili93xx.o
    0x08003738   0x00000024   Code   RO          600    i.LCD_DrawPoint     ili93xx.o
    0x0800375c   0x0000017c   Code   RO          603    i.LCD_Fast_DrawPoint  ili93xx.o
    0x080038d8   0x000000bc   Code   RO          604    i.LCD_Fill          ili93xx.o
    0x08003994   0x000037d0   Code   RO          605    i.LCD_Init          ili93xx.o
    0x08007164   0x000000d0   Code   RO          606    i.LCD_Jiasudu       ili93xx.o
    0x08007234   0x00000016   Code   RO          607    i.LCD_Pow           ili93xx.o
    0x0800724a   0x00000002   PAD
    0x0800724c   0x00000014   Code   RO          608    i.LCD_RD_DATA       ili93xx.o
    0x08007260   0x00000016   Code   RO          610    i.LCD_ReadReg       ili93xx.o
    0x08007276   0x00000002   PAD
    0x08007278   0x00000054   Code   RO          611    i.LCD_SSD_BackLightSet  ili93xx.o
    0x080072cc   0x000002ec   Code   RO          612    i.LCD_Scan_Dir      ili93xx.o
    0x080075b8   0x000001a8   Code   RO          613    i.LCD_SetCursor     ili93xx.o
    0x08007760   0x00000128   Code   RO          616    i.LCD_ShowChar      ili93xx.o
    0x08007888   0x000000d0   Code   RO          617    i.LCD_ShowChinese   ili93xx.o
    0x08007958   0x000000cc   Code   RO          618    i.LCD_ShowHEAD      ili93xx.o
    0x08007a24   0x000000d0   Code   RO          619    i.LCD_ShowHOHAI     ili93xx.o
    0x08007af4   0x000000d0   Code   RO          620    i.LCD_ShowHz        ili93xx.o
    0x08007bc4   0x00000094   Code   RO          621    i.LCD_ShowNum       ili93xx.o
    0x08007c58   0x00000066   Code   RO          622    i.LCD_ShowString    ili93xx.o
    0x08007cbe   0x00000002   PAD
    0x08007cc0   0x000000d0   Code   RO          623    i.LCD_Showdianya    ili93xx.o
    0x08007d90   0x000000d0   Code   RO          624    i.LCD_Showjiasudu   ili93xx.o
    0x08007e60   0x000000d0   Code   RO          625    i.LCD_Showsudu      ili93xx.o
    0x08007f30   0x000000d0   Code   RO          628    i.LCD_Sudu          ili93xx.o
    0x08008000   0x0000000c   Code   RO          629    i.LCD_WR_DATA       ili93xx.o
    0x0800800c   0x0000000c   Code   RO          630    i.LCD_WR_REG        ili93xx.o
    0x08008018   0x00000014   Code   RO          632    i.LCD_WriteRAM_Prepare  ili93xx.o
    0x0800802c   0x00000010   Code   RO          633    i.LCD_WriteReg      ili93xx.o
    0x0800803c   0x000000d0   Code   RO          634    i.LCD_pinyu         ili93xx.o
    0x0800810c   0x000000d0   Code   RO          635    i.LCD_shiyu         ili93xx.o
    0x080081dc   0x00000208   Code   RO          636    i.LCD_showInterface  ili93xx.o
    0x080083e4   0x000001a4   Code   RO           14    i.LCDshow           test.o
    0x08008588   0x00000070   Code   RO          475    i.LED_Init          led.o
    0x080085f8   0x00000068   Code   RO          339    i.MYRCC_DeInit      sys.o
    0x08008660   0x00000078   Code   RO          340    i.MY_NVIC_Init      sys.o
    0x080086d8   0x00000028   Code   RO          341    i.MY_NVIC_PriorityGroupConfig  sys.o
    0x08008700   0x00000014   Code   RO          342    i.MY_NVIC_SetVectorTable  sys.o
    0x08008714   0x00000004   Code   RO          214    i.MemManage_Handler  stm32f10x_it.o
    0x08008718   0x00000878   Code   RO         1044    i.MyFun             myfun.o
    0x08008f90   0x00000328   Code   RO         1341    i.MyFun4            myfun4.o
    0x080092b8   0x00000014   Code   RO         1375    i.MyFun4_initialize  myfun4_initialize.o
    0x080092cc   0x00000002   Code   RO          215    i.NMI_Handler       stm32f10x_it.o
    0x080092ce   0x00000002   Code   RO          216    i.PendSV_Handler    stm32f10x_it.o
    0x080092d0   0x00000114   Code   RO          911    i.RS485_Init        rs485.o
    0x080093e4   0x0000004c   Code   RO          912    i.RS485_Receive_Data  rs485.o
    0x08009430   0x00000054   Code   RO          913    i.RS485_Send_Data   rs485.o
    0x08009484   0x00000002   Code   RO          217    i.SVC_Handler       stm32f10x_it.o
    0x08009486   0x00000002   PAD
    0x08009488   0x00000090   Code   RO          343    i.Stm32_Clock_Init  sys.o
    0x08009518   0x00000002   Code   RO          218    i.SysTick_Handler   stm32f10x_it.o
    0x0800951a   0x00000002   PAD
    0x0800951c   0x000000b4   Code   RO           15    i.TIM3_IRQHandler   test.o
    0x080095d0   0x00000050   Code   RO          518    i.TIM3_Int_Init     timer.o
    0x08009620   0x000000a0   Code   RO           16    i.TIM6_IRQHandler   test.o
    0x080096c0   0x00000044   Code   RO          519    i.TIM6_Int_Init     timer.o
    0x08009704   0x00000084   Code   RO          416    i.USART1_IRQHandler  usart.o
    0x08009788   0x0000003c   Code   RO          914    i.USART2_IRQHandler  rs485.o
    0x080097c4   0x00000004   Code   RO          219    i.UsageFault_Handler  stm32f10x_it.o
    0x080097c8   0x0000001c   Code   RO          418    i.Usart1_SendData   usart.o
    0x080097e4   0x0000001a   Code   RO          419    i.Usart1_Send_Srting  usart.o
    0x080097fe   0x00000028   Code   RO         1650    i.__ARM_fpclassify  m_ws.l(fpclassify.o)
    0x08009826   0x000000aa   Code   RO         1652    i.__kernel_poly     m_ws.l(poly.o)
    0x080098d0   0x00000010   Code   RO         1636    i.__mathlib_dbl_divzero  m_ws.l(dunder.o)
    0x080098e0   0x00000004   Code   RO         1638    i.__mathlib_dbl_infnan2  m_ws.l(dunder.o)
    0x080098e4   0x0000000c   Code   RO         1639    i.__mathlib_dbl_invalid  m_ws.l(dunder.o)
    0x080098f0   0x0000000e   Code   RO         1640    i.__mathlib_dbl_overflow  m_ws.l(dunder.o)
    0x080098fe   0x00000002   PAD
    0x08009900   0x00000010   Code   RO         1642    i.__mathlib_dbl_underflow  m_ws.l(dunder.o)
    0x08009910   0x0000000e   Code   RO         1449    i._is_digit         c_w.l(__printf_wp.o)
    0x0800991e   0x00000006   Code   RO          420    i._sys_exit         usart.o
    0x08009924   0x000000b8   Code   RO           17    i.clear_point       test.o
    0x080099dc   0x0000042c   Code   RO           18    i.dataZhuanhuan     test.o
    0x08009e08   0x00000040   Code   RO          308    i.delay_init        delay.o
    0x08009e48   0x0000003c   Code   RO          309    i.delay_ms          delay.o
    0x08009e84   0x0000003c   Code   RO          310    i.delay_us          delay.o
    0x08009ec0   0x00000254   Code   RO         1295    i.fft               fft.o
    0x0800a114   0x000000dc   Code   RO         1537    i.floor             m_ws.l(floor.o)
    0x0800a1f0   0x0000001c   Code   RO          421    i.fputc             usart.o
    0x0800a20c   0x00000108   Code   RO         1046    i.funCrestFactor    myfun.o
    0x0800a314   0x0000001e   Code   RO         1048    i.funImpulseFactor  myfun.o
    0x0800a332   0x00000002   PAD
    0x0800a334   0x00000148   Code   RO         1049    i.funKurtosis       myfun.o
    0x0800a47c   0x00000090   Code   RO         1050    i.funMarginFactor   myfun.o
    0x0800a50c   0x00000158   Code   RO         1055    i.funSkewness       myfun.o
    0x0800a664   0x0000020c   Code   RO         1056    i.fun_rt_powd_snf   myfun.o
    0x0800a870   0x000000a0   Code   RO         1057    i.helper            myfun.o
    0x0800a910   0x000000a8   Code   RO         1058    i.helper2           myfun.o
    0x0800a9b8   0x0000033c   Code   RO         1325    i.hilbert           hilbert.o
    0x0800acf4   0x00000016   Code   RO           19    i.lcd_huadian       test.o
    0x0800ad0a   0x00000024   Code   RO           20    i.lcd_huaxian       test.o
    0x0800ad2e   0x00000002   PAD
    0x0800ad30   0x00000150   Code   RO           21    i.lcd_init          test.o
    0x0800ae80   0x000000c0   Code   RO           22    i.ldc_show_fft      test.o
    0x0800af40   0x000002bc   Code   RO           23    i.main              test.o
    0x0800b1fc   0x000009d8   Code   RO         1541    i.pow               m_ws.l(pow.o)
    0x0800bbd4   0x0000004c   Code   RO         1243    i.rtGetInf          rtgetinf.o
    0x0800bc20   0x0000000c   Code   RO         1244    i.rtGetInfF         rtgetinf.o
    0x0800bc2c   0x0000004c   Code   RO         1245    i.rtGetMinusInf     rtgetinf.o
    0x0800bc78   0x00000010   Code   RO         1246    i.rtGetMinusInfF    rtgetinf.o
    0x0800bc88   0x00000050   Code   RO         1277    i.rtGetNaN          rtgetnan.o
    0x0800bcd8   0x0000003c   Code   RO         1278    i.rtGetNaNF         rtgetnan.o
    0x0800bd14   0x00000034   Code   RO         1192    i.rtIsInf           rt_nonfinite.o
    0x0800bd48   0x0000001c   Code   RO         1194    i.rtIsNaN           rt_nonfinite.o
    0x0800bd64   0x0000004c   Code   RO         1196    i.rt_InitInfAndNaN  rt_nonfinite.o
    0x0800bdb0   0x00000110   Code   RO         1342    i.rt_hypotd_snf     myfun4.o
    0x0800bec0   0x0000004c   Code   RO         1551    i.sqrt              m_ws.l(sqrt.o)
    0x0800bf0c   0x000000dc   Code   RO          422    i.uart_init         usart.o
    0x0800bfe8   0x0000002c   Code   RO         1716    locale$$code        c_w.l(lc_numeric_c.o)
    0x0800c014   0x00000062   Code   RO         1474    x$fpl$d2f           fz_ws.l(d2f.o)
    0x0800c076   0x00000002   PAD
    0x0800c078   0x00000150   Code   RO         1476    x$fpl$dadd          fz_ws.l(daddsub_clz.o)
    0x0800c1c8   0x00000010   Code   RO         1720    x$fpl$dcheck1       fz_ws.l(dcheck1.o)
    0x0800c1d8   0x00000018   Code   RO         1619    x$fpl$dcmpinf       fz_ws.l(dcmpi.o)
    0x0800c1f0   0x000002b0   Code   RO         1483    x$fpl$ddiv          fz_ws.l(ddiv.o)
    0x0800c4a0   0x00000078   Code   RO         1486    x$fpl$deqf          fz_ws.l(deqf.o)
    0x0800c518   0x0000005a   Code   RO         1488    x$fpl$dfixu         fz_ws.l(dfixu.o)
    0x0800c572   0x0000002e   Code   RO         1493    x$fpl$dflt          fz_ws.l(dflt_clz.o)
    0x0800c5a0   0x00000026   Code   RO         1492    x$fpl$dfltu         fz_ws.l(dflt_clz.o)
    0x0800c5c6   0x00000002   PAD
    0x0800c5c8   0x00000078   Code   RO         1498    x$fpl$dleqf         fz_ws.l(dleqf.o)
    0x0800c640   0x00000154   Code   RO         1500    x$fpl$dmul          fz_ws.l(dmul.o)
    0x0800c794   0x0000009c   Code   RO         1621    x$fpl$dnaninf       fz_ws.l(dnaninf.o)
    0x0800c830   0x0000000c   Code   RO         1623    x$fpl$dretinf       fz_ws.l(dretinf.o)
    0x0800c83c   0x0000006c   Code   RO         1502    x$fpl$drleqf        fz_ws.l(drleqf.o)
    0x0800c8a8   0x00000016   Code   RO         1477    x$fpl$drsb          fz_ws.l(daddsub_clz.o)
    0x0800c8be   0x00000002   PAD
    0x0800c8c0   0x000001cc   Code   RO         1625    x$fpl$dsqrt         fz_ws.l(dsqrt_noumaal.o)
    0x0800ca8c   0x000001d4   Code   RO         1478    x$fpl$dsub          fz_ws.l(daddsub_clz.o)
    0x0800cc60   0x00000056   Code   RO         1504    x$fpl$f2d           fz_ws.l(f2d.o)
    0x0800ccb6   0x00000002   PAD
    0x0800ccb8   0x000000c4   Code   RO         1506    x$fpl$fadd          fz_ws.l(faddsub_clz.o)
    0x0800cd7c   0x00000018   Code   RO         1627    x$fpl$fcmpinf       fz_ws.l(fcmpi.o)
    0x0800cd94   0x00000184   Code   RO         1513    x$fpl$fdiv          fz_ws.l(fdiv.o)
    0x0800cf18   0x00000068   Code   RO         1516    x$fpl$feqf          fz_ws.l(feqf.o)
    0x0800cf80   0x0000003e   Code   RO         1518    x$fpl$ffixu         fz_ws.l(ffixu.o)
    0x0800cfbe   0x00000002   PAD
    0x0800cfc0   0x00000030   Code   RO         1523    x$fpl$fflt          fz_ws.l(fflt_clz.o)
    0x0800cff0   0x00000026   Code   RO         1522    x$fpl$ffltu         fz_ws.l(fflt_clz.o)
    0x0800d016   0x00000002   PAD
    0x0800d018   0x00000068   Code   RO         1528    x$fpl$fleqf         fz_ws.l(fleqf.o)
    0x0800d080   0x00000102   Code   RO         1530    x$fpl$fmul          fz_ws.l(fmul.o)
    0x0800d182   0x0000008c   Code   RO         1629    x$fpl$fnaninf       fz_ws.l(fnaninf.o)
    0x0800d20e   0x0000000a   Code   RO         1631    x$fpl$fretinf       fz_ws.l(fretinf.o)
    0x0800d218   0x00000062   Code   RO         1532    x$fpl$frleqf        fz_ws.l(frleqf.o)
    0x0800d27a   0x00000014   Code   RO         1507    x$fpl$frsb          fz_ws.l(faddsub_clz.o)
    0x0800d28e   0x00000002   PAD
    0x0800d290   0x000000ea   Code   RO         1508    x$fpl$fsub          fz_ws.l(faddsub_clz.o)
    0x0800d37a   0x00000004   Code   RO         1534    x$fpl$printf1       fz_ws.l(printf1.o)
    0x0800d37e   0x00000064   Code   RO         1745    x$fpl$retnan        fz_ws.l(retnan.o)
    0x0800d3e2   0x0000005c   Code   RO         1633    x$fpl$scalbn        fz_ws.l(scalbn.o)
    0x0800d43e   0x00000030   Code   RO         1757    x$fpl$trapveneer    fz_ws.l(trapv.o)
    0x0800d46e   0x00000000   Code   RO         1635    x$fpl$usenofp       fz_ws.l(usenofp.o)
    0x0800d46e   0x00005d00   Data   RO          641    .constdata          ili93xx.o
    0x0801316e   0x00000002   PAD
    0x08013170   0x00000804   Data   RO         1296    .constdata          fft.o
    0x08013974   0x00000804   Data   RO         1326    .constdata          hilbert.o
    0x08014178   0x00000800   Data   RO         1343    .constdata          myfun4.o
    0x08014978   0x00001008   Data   RO         1362    .constdata          myfun4_data.o
    0x08015980   0x00000028   Data   RO         1422    .constdata          c_w.l(_printf_hex_int.o)
    0x080159a8   0x00000088   Data   RO         1542    .constdata          m_ws.l(pow.o)
    0x08015a30   0x00000008   Data   RO         1654    .constdata          m_ws.l(qnan.o)
    0x08015a38   0x00000094   Data   RO         1687    .constdata          c_w.l(bigflt0.o)
    0x08015acc   0x0000004a   Data   RO          642    .conststring        ili93xx.o
    0x08015b16   0x00000002   PAD
    0x08015b18   0x00000020   Data   RO         1816    Region$$Table       anon$$obj.o
    0x08015b38   0x0000001c   Data   RO         1715    locale$$data        c_w.l(lc_numeric_c.o)


    Execution Region RW_IRAM1 (Base: 0x20000000, Size: 0x0000fff0, Max: 0x00010000, ABSOLUTE, COMPRESSED[0x00000e7c])

    Base Addr    Size         Type   Attr      Idx    E Section Name        Object

    0x20000000   0x000013f6   Data   RW           25    .data               test.o
    0x200013f6   0x00000004   Data   RW          311    .data               delay.o
    0x200013fa   0x00000002   PAD
    0x200013fc   0x00000006   Data   RW          424    .data               usart.o
    0x20001402   0x00000001   Data   RW          489    .data               key.o
    0x20001403   0x00000001   PAD
    0x20001404   0x00000004   Data   RW          643    .data               ili93xx.o
    0x20001408   0x00000001   Data   RW          916    .data               rs485.o
    0x20001409   0x00000007   PAD
    0x20001410   0x00000024   Data   RW         1197    .data               rt_nonfinite.o
    0x20001434   0x00000001   Data   RW         1363    .data               myfun4_data.o
    0x20001435   0x00000003   PAD
    0x20001438   0x00005958   Zero   RW           24    .bss                test.o
    0x20006d90   0x000000c8   Zero   RW          423    .bss                usart.o
    0x20006e58   0x0000000e   Zero   RW          640    .bss                ili93xx.o
    0x20006e66   0x00000040   Zero   RW          915    .bss                rs485.o
    0x20006ea6   0x00000002   PAD
    0x20006ea8   0x000000e4   Zero   RW         1465    .bss                c_w.l(rand.o)
    0x20006f8c   0x00000060   Zero   RW         1727    .bss                c_w.l(libspace.o)
    0x20006fec   0x00000004   PAD
    0x20006ff0   0x00000000   Zero   RW            2    HEAP                startup_stm32f10x_hd.o
    0x20006ff0   0x00009000   Zero   RW            1    STACK               startup_stm32f10x_hd.o


==============================================================================

Image component sizes


      Code (inc. data)   RO Data    RW Data    ZI Data      Debug   Object Name

       246          0          0          0          0       3479   24cxx.o
       392         20          0          0          0       1105   adc.o
        56         14          0          0          0        468   beep.o
      4576       4080          0          0          0        368   cr4_fft_1024_stm32.o
        88         14          0          0          0        575   dac.o
       184         16          0          4          0       1855   delay.o
        96          0          0          0          0        513   exti.o
       596          8       2052          0          0       3286   fft.o
       828         12       2052          0          0       2006   hilbert.o
     20562        366      23882          4         14      39666   ili93xx.o
       272         36          0          1          0       1182   key.o
       112         12          0          0          0        479   led.o
      4130        126          0          0          0       8099   myfun.o
      1080         32       2048          0          0       2049   myfun4.o
         0          0       4104          1          0        726   myfun4_data.o
        20          6          0          0          0        528   myfun4_initialize.o
       688        104          0          0          0       4458   myiic.o
       496         60          0          1         64       3360   rs485.o
       156         34          0         36          0       3626   rt_nonfinite.o
       180         18          0          0          0       3431   rtgetinf.o
       140         12          0          0          0       1439   rtgetnan.o
        52         18        304          0      36864        820   startup_stm32f10x_hd.o
        26          0          0          0          0       3982   stm32f10x_it.o
       588         58          0          0          0       3769   sys.o
      4518        656          0       5110      22872     222082   test.o
       148         18          0          0          0       1212   timer.o
       440         42          0          6        200       5383   usart.o

    ----------------------------------------------------------------------
     40686       5762      34478       5176      60016     319946   Object Totals
         0          0         32          0          0          0   (incl. Generated)
        16          0          4         13          2          0   (incl. Padding)

    ----------------------------------------------------------------------

      Code (inc. data)   RO Data    RW Data    ZI Data      Debug   Library Member Name

       100          0          0          0          0          0   __dclz77c.o
         8          0          0          0          0         68   __main.o
       284          0          0          0          0        156   __printf_wp.o
         0          0          0          0          0          0   __rtentry.o
        12          0          0          0          0          0   __rtentry2.o
         6          0          0          0          0          0   __rtentry4.o
        52          8          0          0          0          0   __scatter.o
        28          0          0          0          0          0   __scatter_zi.o
        48          6          0          0          0         96   _printf_char_common.o
        36          4          0          0          0         80   _printf_char_file.o
         6          0          0          0          0          0   _printf_d.o
       120         16          0          0          0         92   _printf_dec.o
         6          0          0          0          0          0   _printf_f.o
      1050          0          0          0          0        216   _printf_fp_dec.o
       128         16          0          0          0         84   _printf_fp_infnan.o
        88          4         40          0          0         88   _printf_hex_int.o
       178          0          0          0          0         88   _printf_intcommon.o
         0          0          0          0          0          0   _printf_percent.o
         4          0          0          0          0          0   _printf_percent_end.o
         6          0          0          0          0          0   _printf_x.o
        22          0          0          0          0        100   _rserrno.o
        10          0          0          0          0         68   _sputc.o
       220          4        148          0          0         96   bigflt0.o
      1910        128          0          0          0        672   btod.o
        18          0          0          0          0         80   exit.o
         8          0          0          0          0         68   ferror.o
         6          0          0          0          0        152   heapauxi.o
        44         10         28          0          0         76   lc_numeric_c.o
         2          0          0          0          0          0   libinit.o
        22          0          0          0          0          0   libinit2.o
         2          0          0          0          0          0   libshutdown.o
         2          0          0          0          0          0   libshutdown2.o
         8          4          0          0         96         68   libspace.o
       138          0          0          0          0         80   lludiv10.o
        24          4          0          0          0         84   noretval__2printf.o
        40          6          0          0          0         84   noretval__2sprintf.o
       112         18          0          0        228        160   rand.o
         8          4          0          0          0         68   rt_errno_addr_intlibspace.o
         8          4          0          0          0         68   rt_locale_intlibspace.o
       100          0          0          0          0         80   rt_memcpy_w.o
         2          0          0          0          0          0   rtexit.o
        10          0          0          0          0          0   rtexit2.o
       128          0          0          0          0         68   strcmpv7m.o
        74          0          0          0          0         80   sys_stackheap_outer.o
         2          0          0          0          0         68   use_no_semi.o
         2          0          0          0          0         68   use_no_semi_2.o
        98          4          0          0          0         92   d2f.o
       826         16          0          0          0        348   daddsub_clz.o
        16          4          0          0          0         68   dcheck1.o
        24          0          0          0          0         68   dcmpi.o
       688        140          0          0          0        208   ddiv.o
       120          4          0          0          0         92   deqf.o
        90          4          0          0          0         92   dfixu.o
        84          0          0          0          0        136   dflt_clz.o
       120          4          0          0          0         92   dleqf.o
       340         12          0          0          0        104   dmul.o
       156          4          0          0          0         92   dnaninf.o
        12          0          0          0          0         68   dretinf.o
       108          0          0          0          0         80   drleqf.o
       460         56          0          0          0        120   dsqrt_noumaal.o
        86          4          0          0          0         84   f2d.o
       450          8          0          0          0        236   faddsub_clz.o
        24          0          0          0          0         68   fcmpi.o
       388         76          0          0          0         96   fdiv.o
       104          4          0          0          0         84   feqf.o
        62          4          0          0          0         84   ffixu.o
        86          0          0          0          0        136   fflt_clz.o
       104          4          0          0          0         84   fleqf.o
       258          4          0          0          0         84   fmul.o
       140          4          0          0          0         84   fnaninf.o
        10          0          0          0          0         68   fretinf.o
        98          0          0          0          0         68   frleqf.o
         4          0          0          0          0         68   printf1.o
       100          0          0          0          0         68   retnan.o
        92          0          0          0          0         68   scalbn.o
        48          0          0          0          0         68   trapv.o
         0          0          0          0          0          0   usenofp.o
        62         10          0          0          0        340   dunder.o
       220         16          0          0          0         84   floor.o
        40          0          0          0          0         68   fpclassify.o
       170          0          0          0          0         96   poly.o
      2520        190        136          0          0        324   pow.o
         0          0          8          0          0          0   qnan.o
        76          0          0          0          0         84   sqrt.o

    ----------------------------------------------------------------------
     13392        808        360          0        328       7360   Library Totals
        26          0          0          0          4          0   (incl. Padding)

    ----------------------------------------------------------------------

      Code (inc. data)   RO Data    RW Data    ZI Data      Debug   Library Name

      5082        236        216          0        324       3256   c_w.l
      5196        356          0          0          0       3108   fz_ws.l
      3088        216        144          0          0        996   m_ws.l

    ----------------------------------------------------------------------
     13392        808        360          0        328       7360   Library Totals

    ----------------------------------------------------------------------

==============================================================================


      Code (inc. data)   RO Data    RW Data    ZI Data      Debug   

     54078       6570      34838       5176      60344     317058   Grand Totals
     54078       6570      34838       3708      60344     317058   ELF Image Totals (compressed)
     54078       6570      34838       3708          0          0   ROM Totals

==============================================================================

    Total RO  Size (Code + RO Data)                88916 (  86.83kB)
    Total RW  Size (RW Data + ZI Data)             65520 (  63.98kB)
    Total ROM Size (Code + RO Data + RW Data)      92624 (  90.45kB)

==============================================================================

